../Core/Src/main.c:77:6:Send_Uart	16	static
../Core/Src/main.c:90:5:main	16	static
../Core/Src/main.c:170:6:SystemClock_Config	88	static
../Core/Src/main.c:217:13:MX_USART2_UART_Init	8	static
../Core/Src/main.c:250:13:MX_GPIO_Init	48	static
../Core/Src/main.c:285:6:HPT_Task	32	static
../Core/Src/main.c:298:6:MPT_Task	32	static
../Core/Src/main.c:320:6:StartDefaultTask	16	static
../Core/Src/main.c:339:6:HAL_TIM_PeriodElapsedCallback	16	static
../Core/Src/main.c:357:6:Error_Handler	4	static,ignoring_inline_asm
