C:/Users/Hu/Desktop/projects/battery-monitor/adcpolling/Core/Src/main.c:69:5:main	16	static
C:/Users/Hu/Desktop/projects/battery-monitor/adcpolling/Core/Src/main.c:128:6:SystemClock_Config	88	static
C:/Users/Hu/Desktop/projects/battery-monitor/adcpolling/Core/Src/main.c:175:13:MX_ADC1_Init	24	static
C:/Users/Hu/Desktop/projects/battery-monitor/adcpolling/Core/Src/main.c:227:13:MX_USART2_UART_Init	8	static
C:/Users/Hu/Desktop/projects/battery-monitor/adcpolling/Core/Src/main.c:260:13:MX_GPIO_Init	48	static
C:/Users/Hu/Desktop/projects/battery-monitor/adcpolling/Core/Src/main.c:302:6:Error_Handler	4	static,ignoring_inline_asm
