../Core/Src/main.c:196:5:main	32	static
../Core/Src/main.c:311:6:SystemClock_Config	88	static
../Core/Src/main.c:358:13:MX_ADC1_Init	24	static
../Core/Src/main.c:410:13:MX_USART2_UART_Init	8	static
../Core/Src/main.c:443:13:MX_GPIO_Init	48	static
../Core/Src/main.c:487:6:StartDefaultTask	16	static
../Core/Src/main.c:505:6:vTaskSensor	88	static
../Core/Src/main.c:563:6:vTaskAlarm	16	static
../Core/Src/main.c:581:6:vTaskUART	96	static
../Core/Src/main.c:622:6:HAL_TIM_PeriodElapsedCallback	16	static
../Core/Src/main.c:640:6:Error_Handler	4	static,ignoring_inline_asm
