../Core/Src/main.c:99:5:main	24	static
../Core/Src/main.c:192:6:SystemClock_Config	88	static
../Core/Src/main.c:239:13:MX_USART2_UART_Init	8	static
../Core/Src/main.c:272:13:MX_GPIO_Init	48	static
../Core/Src/main.c:308:6:Sender1_Task	32	static
../Core/Src/main.c:337:6:Sender2_Task	32	static
../Core/Src/main.c:363:6:Receiver_Task	40	static
../Core/Src/main.c:397:6:StartDefaultTask	16	static
../Core/Src/main.c:416:6:HAL_TIM_PeriodElapsedCallback	16	static
../Core/Src/main.c:434:6:Error_Handler	4	static,ignoring_inline_asm
