Archive member included to satisfy reference by file (symbol)

C:/ST/STM32CubeIDE_2.0.0/STM32CubeIDE/plugins/com.st.stm32cube.ide.mcu.externaltools.gnu-tools-for-stm32.13.3.rel1.win32_1.0.100.202509120712/tools/bin/../lib/gcc/arm-none-eabi/13.3.1/../../../../arm-none-eabi/lib/thumb/v7e-m+fp/hard\libc_nano.a(libc_a-exit.o)
                              C:/ST/STM32CubeIDE_2.0.0/STM32CubeIDE/plugins/com.st.stm32cube.ide.mcu.externaltools.gnu-tools-for-stm32.13.3.rel1.win32_1.0.100.202509120712/tools/bin/../lib/gcc/arm-none-eabi/13.3.1/../../../../arm-none-eabi/lib/thumb/v7e-m+fp/hard/crt0.o (exit)
C:/ST/STM32CubeIDE_2.0.0/STM32CubeIDE/plugins/com.st.stm32cube.ide.mcu.externaltools.gnu-tools-for-stm32.13.3.rel1.win32_1.0.100.202509120712/tools/bin/../lib/gcc/arm-none-eabi/13.3.1/../../../../arm-none-eabi/lib/thumb/v7e-m+fp/hard\libc_nano.a(libc_a-findfp.o)
                              ./Middlewares/FreeRTOS/tasks.o (__sf)
C:/ST/STM32CubeIDE_2.0.0/STM32CubeIDE/plugins/com.st.stm32cube.ide.mcu.externaltools.gnu-tools-for-stm32.13.3.rel1.win32_1.0.100.202509120712/tools/bin/../lib/gcc/arm-none-eabi/13.3.1/../../../../arm-none-eabi/lib/thumb/v7e-m+fp/hard\libc_nano.a(libc_a-fwalk.o)
                              C:/ST/STM32CubeIDE_2.0.0/STM32CubeIDE/plugins/com.st.stm32cube.ide.mcu.externaltools.gnu-tools-for-stm32.13.3.rel1.win32_1.0.100.202509120712/tools/bin/../lib/gcc/arm-none-eabi/13.3.1/../../../../arm-none-eabi/lib/thumb/v7e-m+fp/hard\libc_nano.a(libc_a-findfp.o) (_fwalk_sglue)
C:/ST/STM32CubeIDE_2.0.0/STM32CubeIDE/plugins/com.st.stm32cube.ide.mcu.externaltools.gnu-tools-for-stm32.13.3.rel1.win32_1.0.100.202509120712/tools/bin/../lib/gcc/arm-none-eabi/13.3.1/../../../../arm-none-eabi/lib/thumb/v7e-m+fp/hard\libc_nano.a(libc_a-stdio.o)
                              C:/ST/STM32CubeIDE_2.0.0/STM32CubeIDE/plugins/com.st.stm32cube.ide.mcu.externaltools.gnu-tools-for-stm32.13.3.rel1.win32_1.0.100.202509120712/tools/bin/../lib/gcc/arm-none-eabi/13.3.1/../../../../arm-none-eabi/lib/thumb/v7e-m+fp/hard\libc_nano.a(libc_a-findfp.o) (__sread)
C:/ST/STM32CubeIDE_2.0.0/STM32CubeIDE/plugins/com.st.stm32cube.ide.mcu.externaltools.gnu-tools-for-stm32.13.3.rel1.win32_1.0.100.202509120712/tools/bin/../lib/gcc/arm-none-eabi/13.3.1/../../../../arm-none-eabi/lib/thumb/v7e-m+fp/hard\libc_nano.a(libc_a-memset.o)
                              C:/ST/STM32CubeIDE_2.0.0/STM32CubeIDE/plugins/com.st.stm32cube.ide.mcu.externaltools.gnu-tools-for-stm32.13.3.rel1.win32_1.0.100.202509120712/tools/bin/../lib/gcc/arm-none-eabi/13.3.1/../../../../arm-none-eabi/lib/thumb/v7e-m+fp/hard/crt0.o (memset)
C:/ST/STM32CubeIDE_2.0.0/STM32CubeIDE/plugins/com.st.stm32cube.ide.mcu.externaltools.gnu-tools-for-stm32.13.3.rel1.win32_1.0.100.202509120712/tools/bin/../lib/gcc/arm-none-eabi/13.3.1/../../../../arm-none-eabi/lib/thumb/v7e-m+fp/hard\libc_nano.a(libc_a-closer.o)
                              C:/ST/STM32CubeIDE_2.0.0/STM32CubeIDE/plugins/com.st.stm32cube.ide.mcu.externaltools.gnu-tools-for-stm32.13.3.rel1.win32_1.0.100.202509120712/tools/bin/../lib/gcc/arm-none-eabi/13.3.1/../../../../arm-none-eabi/lib/thumb/v7e-m+fp/hard\libc_nano.a(libc_a-stdio.o) (_close_r)
C:/ST/STM32CubeIDE_2.0.0/STM32CubeIDE/plugins/com.st.stm32cube.ide.mcu.externaltools.gnu-tools-for-stm32.13.3.rel1.win32_1.0.100.202509120712/tools/bin/../lib/gcc/arm-none-eabi/13.3.1/../../../../arm-none-eabi/lib/thumb/v7e-m+fp/hard\libc_nano.a(libc_a-reent.o)
                              ./Middlewares/FreeRTOS/tasks.o (_reclaim_reent)
C:/ST/STM32CubeIDE_2.0.0/STM32CubeIDE/plugins/com.st.stm32cube.ide.mcu.externaltools.gnu-tools-for-stm32.13.3.rel1.win32_1.0.100.202509120712/tools/bin/../lib/gcc/arm-none-eabi/13.3.1/../../../../arm-none-eabi/lib/thumb/v7e-m+fp/hard\libc_nano.a(libc_a-impure.o)
                              ./Middlewares/FreeRTOS/tasks.o (_impure_ptr)
C:/ST/STM32CubeIDE_2.0.0/STM32CubeIDE/plugins/com.st.stm32cube.ide.mcu.externaltools.gnu-tools-for-stm32.13.3.rel1.win32_1.0.100.202509120712/tools/bin/../lib/gcc/arm-none-eabi/13.3.1/../../../../arm-none-eabi/lib/thumb/v7e-m+fp/hard\libc_nano.a(libc_a-lseekr.o)
                              C:/ST/STM32CubeIDE_2.0.0/STM32CubeIDE/plugins/com.st.stm32cube.ide.mcu.externaltools.gnu-tools-for-stm32.13.3.rel1.win32_1.0.100.202509120712/tools/bin/../lib/gcc/arm-none-eabi/13.3.1/../../../../arm-none-eabi/lib/thumb/v7e-m+fp/hard\libc_nano.a(libc_a-stdio.o) (_lseek_r)
C:/ST/STM32CubeIDE_2.0.0/STM32CubeIDE/plugins/com.st.stm32cube.ide.mcu.externaltools.gnu-tools-for-stm32.13.3.rel1.win32_1.0.100.202509120712/tools/bin/../lib/gcc/arm-none-eabi/13.3.1/../../../../arm-none-eabi/lib/thumb/v7e-m+fp/hard\libc_nano.a(libc_a-readr.o)
                              C:/ST/STM32CubeIDE_2.0.0/STM32CubeIDE/plugins/com.st.stm32cube.ide.mcu.externaltools.gnu-tools-for-stm32.13.3.rel1.win32_1.0.100.202509120712/tools/bin/../lib/gcc/arm-none-eabi/13.3.1/../../../../arm-none-eabi/lib/thumb/v7e-m+fp/hard\libc_nano.a(libc_a-stdio.o) (_read_r)
[...]
Memory Configuration

Name             Origin             Length             Attributes
RAM              0x20000000         0x00018000         xrw
FLASH            0x08000000         0x00080000         xr
*default*        0x00000000         0xffffffff

Linker script and memory map

LOAD C:/ST/STM32CubeIDE_2.0.0/STM32CubeIDE/plugins/com.st.stm32cube.ide.mcu.externaltools.gnu-tools-for-stm32.13.3.rel1.win32_1.0.100.202509120712/tools/bin/../lib/gcc/arm-none-eabi/13.3.1/thumb/v7e-m+fp/hard/crti.o
LOAD C:/ST/STM32CubeIDE_2.0.0/STM32CubeIDE/plugins/com.st.stm32cube.ide.mcu.externaltools.gnu-tools-for-stm32.13.3.rel1.win32_1.0.100.202509120712/tools/bin/../lib/gcc/arm-none-eabi/13.3.1/thumb/v7e-m+fp/hard/crtbegin.o
LOAD C:/ST/STM32CubeIDE_2.0.0/STM32CubeIDE/plugins/com.st.stm32cube.ide.mcu.externaltools.gnu-tools-for-stm32.13.3.rel1.win32_1.0.100.202509120712/tools/bin/../lib/gcc/arm-none-eabi/13.3.1/../../../../arm-none-eabi/lib/thumb/v7e-m+fp/hard/crt0.o
LOAD ./Application/User/Core/freertos.o
LOAD ./Application/User/Core/main.o
LOAD ./Application/User/Core/stm32f4xx_hal_msp.o
LOAD ./Application/User/Core/stm32f4xx_hal_timebase_tim.o
LOAD ./Application/User/Core/stm32f4xx_it.o
LOAD ./Application/User/Core/syscalls.o
LOAD ./Application/User/Core/sysmem.o
LOAD ./Application/User/Startup/startup_stm32f401retx.o
LOAD ./Drivers/CMSIS/system_stm32f4xx.o
LOAD ./Drivers/STM32F4xx_HAL_Driver/stm32f4xx_hal.o
LOAD ./Drivers/STM32F4xx_HAL_Driver/stm32f4xx_hal_cortex.o
LOAD ./Drivers/STM32F4xx_HAL_Driver/stm32f4xx_hal_dma.o
LOAD ./Drivers/STM32F4xx_HAL_Driver/stm32f4xx_hal_dma_ex.o
LOAD ./Drivers/STM32F4xx_HAL_Driver/stm32f4xx_hal_exti.o
LOAD ./Drivers/STM32F4xx_HAL_Driver/stm32f4xx_hal_flash.o
LOAD ./Drivers/STM32F4xx_HAL_Driver/stm32f4xx_hal_flash_ex.o
LOAD ./Drivers/STM32F4xx_HAL_Driver/stm32f4xx_hal_flash_ramfunc.o
LOAD ./Drivers/STM32F4xx_HAL_Driver/stm32f4xx_hal_gpio.o
LOAD ./Drivers/STM32F4xx_HAL_Driver/stm32f4xx_hal_pwr.o
LOAD ./Drivers/STM32F4xx_HAL_Driver/stm32f4xx_hal_pwr_ex.o
LOAD ./Drivers/STM32F4xx_HAL_Driver/stm32f4xx_hal_rcc.o
LOAD ./Drivers/STM32F4xx_HAL_Driver/stm32f4xx_hal_rcc_ex.o
LOAD ./Drivers/STM32F4xx_HAL_Driver/stm32f4xx_hal_tim.o
LOAD ./Drivers/STM32F4xx_HAL_Driver/stm32f4xx_hal_tim_ex.o
LOAD ./Drivers/STM32F4xx_HAL_Driver/stm32f4xx_hal_uart.o
LOAD ./Middlewares/FreeRTOS/cmsis_os.o
LOAD ./Middlewares/FreeRTOS/croutine.o
LOAD ./Middlewares/FreeRTOS/event_groups.o
LOAD ./Middlewares/FreeRTOS/heap_4.o
LOAD ./Middlewares/FreeRTOS/list.o
LOAD ./Middlewares/FreeRTOS/port.o
LOAD ./Middlewares/FreeRTOS/queue.o
LOAD ./Middlewares/FreeRTOS/stream_buffer.o
LOAD ./Middlewares/FreeRTOS/tasks.o
LOAD ./Middlewares/FreeRTOS/timers.o
START GROUP
LOAD C:/ST/STM32CubeIDE_2.0.0/STM32CubeIDE/plugins/com.st.stm32cube.ide.mcu.externaltools.gnu-tools-for-stm32.13.3.rel1.win32_1.0.100.202509120712/tools/bin/../lib/gcc/arm-none-eabi/13.3.1/../../../../arm-none-eabi/lib/thumb/v7e-m+fp/hard\libc_nano.a
LOAD C:/ST/STM32CubeIDE_2.0.0/STM32CubeIDE/plugins/com.st.stm32cube.ide.mcu.externaltools.gnu-tools-for-stm32.13.3.rel1.win32_1.0.100.202509120712/tools/bin/../lib/gcc/arm-none-eabi/13.3.1/../../../../arm-none-eabi/lib/thumb/v7e-m+fp/hard\libm.a
END GROUP
START GROUP
LOAD C:/ST/STM32CubeIDE_2.0.0/STM32CubeIDE/plugins/com.st.stm32cube.ide.mcu.externaltools.gnu-tools-for-stm32.13.3.rel1.win32_1.0.100.202509120712/tools/bin/../lib/gcc/arm-none-eabi/13.3.1/thumb/v7e-m+fp/hard\libgcc.a
LOAD C:/ST/STM32CubeIDE_2.0.0/STM32CubeIDE/plugins/com.st.stm32cube.ide.mcu.externaltools.gnu-tools-for-stm32.13.3.rel1.win32_1.0.100.202509120712/tools/bin/../lib/gcc/arm-none-eabi/13.3.1/../../../../arm-none-eabi/lib/thumb/v7e-m+fp/hard\libc_nano.a
END GROUP
START GROUP
LOAD C:/ST/STM32CubeIDE_2.0.0/STM32CubeIDE/plugins/com.st.stm32cube.ide.mcu.externaltools.gnu-tools-for-stm32.13.3.rel1.win32_1.0.100.202509120712/tools/bin/../lib/gcc/arm-none-eabi/13.3.1/thumb/v7e-m+fp/hard\libgcc.a
LOAD C:/ST/STM32CubeIDE_2.0.0/STM32CubeIDE/plugins/com.st.stm32cube.ide.mcu.externaltools.gnu-tools-for-stm32.13.3.rel1.win32_1.0.100.202509120712/tools/bin/../lib/gcc/arm-none-eabi/13.3.1/../../../../arm-none-eabi/lib/thumb/v7e-m+fp/hard\libc_nano.a
LOAD C:/ST/STM32CubeIDE_2.0.0/STM32CubeIDE/plugins/com.st.stm32cube.ide.mcu.externaltools.gnu-tools-for-stm32.13.3.rel1.win32_1.0.100.202509120712/tools/bin/../lib/gcc/arm-none-eabi/13.3.1/../../../../arm-none-eabi/lib/thumb/v7e-m+fp/hard\libnosys.a
END GROUP
START GROUP
LOAD C:/ST/STM32CubeIDE_2.0.0/STM32CubeIDE/plugins/com.st.stm32cube.ide.mcu.externaltools.gnu-tools-for-stm32.13.3.rel1.win32_1.0.100.202509120712/tools/bin/../lib/gcc/arm-none-eabi/13.3.1/thumb/v7e-m+fp/hard\libgcc.a
LOAD C:/ST/STM32CubeIDE_2.0.0/STM32CubeIDE/plugins/com.st.stm32cube.ide.mcu.externaltools.gnu-tools-for-stm32.13.3.rel1.win32_1.0.100.202509120712/tools/bin/../lib/gcc/arm-none-eabi/13.3.1/../../../../arm-none-eabi/lib/thumb/v7e-m+fp/hard\libc_nano.a
LOAD C:/ST/STM32CubeIDE_2.0.0/STM32CubeIDE/plugins/com.st.stm32cube.ide.mcu.externaltools.gnu-tools-for-stm32.13.3.rel1.win32_1.0.100.202509120712/tools/bin/../lib/gcc/arm-none-eabi/13.3.1/../../../../arm-none-eabi/lib/thumb/v7e-m+fp/hard\libnosys.a
END GROUP
LOAD C:/ST/STM32CubeIDE_2.0.0/STM32CubeIDE/plugins/com.st.stm32cube.ide.mcu.externaltools.gnu-tools-for-stm32.13.3.rel1.win32_1.0.100.202509120712/tools/bin/../lib/gcc/arm-none-eabi/13.3.1/thumb/v7e-m+fp/hard/crtend.o
LOAD C:/ST/STM32CubeIDE_2.0.0/STM32CubeIDE/plugins/com.st.stm32cube.ide.mcu.externaltools.gnu-tools-for-stm32.13.3.rel1.win32_1.0.100.202509120712/tools/bin/../lib/gcc/arm-none-eabi/13.3.1/thumb/v7e-m+fp/hard/crtn.o
                0x20018000                        _estack = (ORIGIN (RAM) + LENGTH (RAM))
                0x00000200                        _Min_Heap_Size = 0x200
                0x00000400                        _Min_Stack_Size = 0x400

.isr_vector     0x08000000      0x194
                0x08000000                        . = ALIGN (0x4)
 *(.isr_vector)
 .isr_vector    0x08000000      0x194 ./Application/User/Startup/startup_stm32f401retx.o
                0x08000000                g_pfnVectors
                0x08000194                        . = ALIGN (0x4)

.text           0x080001a0     0x3dcc
                0x080001a0                        . = ALIGN (0x4)
 *(.text)
 .text          0x080001a0       0x40 C:/ST/STM32CubeIDE_2.0.0/STM32CubeIDE/plugins/com.st.stm32cube.ide.mcu.externaltools.gnu-tools-for-stm32.13.3.rel1.win32_1.0.100.202509120712/tools/bin/../lib/gcc/arm-none-eabi/13.3.1/thumb/v7e-m+fp/hard/crtbegin.o
 .text          0x080001e0       0x30 C:/ST/STM32CubeIDE_2.0.0/STM32CubeIDE/plugins/com.st.stm32cube.ide.mcu.externaltools.gnu-tools-for-stm32.13.3.rel1.win32_1.0.100.202509120712/tools/bin/../lib/gcc/arm-none-eabi/13.3.1/thumb/v7e-m+fp/hard\libgcc.a(_aeabi_uldivmod.o)
                0x080001e0                __aeabi_uldivmod
 .text          0x08000210      0x2f8 C:/ST/STM32CubeIDE_2.0.0/STM32CubeIDE/plugins/com.st.stm32cube.ide.mcu.externaltools.gnu-tools-for-stm32.13.3.rel1.win32_1.0.100.202509120712/tools/bin/../lib/gcc/arm-none-eabi/13.3.1/thumb/v7e-m+fp/hard\libgcc.a(_udivmoddi4.o)
                0x08000210                __udivmoddi4
 .text          0x08000508        0x4 C:/ST/STM32CubeIDE_2.0.0/STM32CubeIDE/plugins/com.st.stm32cube.ide.mcu.externaltools.gnu-tools-for-stm32.13.3.rel1.win32_1.0.100.202509120712/tools/bin/../lib/gcc/arm-none-eabi/13.3.1/thumb/v7e-m+fp/hard\libgcc.a(_dvmd_tls.o)
                0x08000508                __aeabi_idiv0
                0x08000508                __aeabi_ldiv0
 *(.text*)
 .text.vApplicationGetIdleTaskMemory
                0x0800050c       0x34 ./Application/User/Core/freertos.o
                0x0800050c                vApplicationGetIdleTaskMemory
 .text.send_def_task
                0x08000540       0x3c ./Application/User/Core/main.o
                0x08000540                send_def_task
 .text.send_task_2
                0x0800057c       0x3c ./Application/User/Core/main.o
                0x0800057c                send_task_2
 .text.send_task_3
                0x080005b8       0x3c ./Application/User/Core/main.o
                0x080005b8                send_task_3
 .text.main     0x080005f4       0xcc ./Application/User/Core/main.o
                0x080005f4                main
 .text.SystemClock_Config
                0x080006c0       0xd8 ./Application/User/Core/main.o
                0x080006c0                SystemClock_Config
 .text.MX_USART2_UART_Init
                0x08000798       0x54 ./Application/User/Core/main.o
 .text.MX_GPIO_Init
                0x080007ec       0xdc ./Application/User/Core/main.o
 .text.StartDefaultTask
                0x080008c8       0x24 ./Application/User/Core/main.o
                0x080008c8                StartDefaultTask
 .text.Task2_init
                0x080008ec       0x24 ./Application/User/Core/main.o
                0x080008ec                Task2_init
 .text.Task3_init
                0x08000910       0x18 ./Application/User/Core/main.o
                0x08000910                Task3_init
 .text.HAL_TIM_PeriodElapsedCallback
                0x08000928       0x24 ./Application/User/Core/main.o
                0x08000928                HAL_TIM_PeriodElapsedCallback
 .text.Error_Handler
                0x0800094c        0xc ./Application/User/Core/main.o
                0x0800094c                Error_Handler
 .text.HAL_MspInit
                0x08000958       0x58 ./Application/User/Core/stm32f4xx_hal_msp.o
                0x08000958                HAL_MspInit
 .text.HAL_UART_MspInit
                0x080009b0       0x90 ./Application/User/Core/stm32f4xx_hal_msp.o
                0x080009b0                HAL_UART_MspInit
 .text.HAL_InitTick
                0x08000a40       0xe4 ./Application/User/Core/stm32f4xx_hal_timebase_tim.o
                0x08000a40                HAL_InitTick
 .text.NMI_Handler
                0x08000b24        0x8 ./Application/User/Core/stm32f4xx_it.o
                0x08000b24                NMI_Handler
 .text.HardFault_Handler
                0x08000b2c        0x8 ./Application/User/Core/stm32f4xx_it.o
                0x08000b2c                HardFault_Handler
 .text.MemManage_Handler
                0x08000b34        0x8 ./Application/User/Core/stm32f4xx_it.o
                0x08000b34                MemManage_Handler
 .text.BusFault_Handler
                0x08000b3c        0x8 ./Application/User/Core/stm32f4xx_it.o
                0x08000b3c                BusFault_Handler
 .text.UsageFault_Handler
                0x08000b44        0x8 ./Application/User/Core/stm32f4xx_it.o
                0x08000b44                UsageFault_Handler
 .text.DebugMon_Handler
                0x08000b4c        0xe ./Application/User/Core/stm32f4xx_it.o
                0x08000b4c                DebugMon_Handler
 *fill*         0x08000b5a        0x2 
 .text.TIM1_UP_TIM10_IRQHandler
                0x08000b5c       0x14 ./Application/User/Core/stm32f4xx_it.o
                0x08000b5c                TIM1_UP_TIM10_IRQHandler
 .text.Reset_Handler
                0x08000b70       0x50 ./Application/User/Startup/startup_stm32f401retx.o
                0x08000b70                Reset_Handler
 .text.Default_Handler
                0x08000bc0        0x2 ./Application/User/Startup/startup_stm32f401retx.o
                0x08000bc0                RTC_Alarm_IRQHandler
                0x08000bc0                EXTI2_IRQHandler
                0x08000bc0                SPI4_IRQHandler
                0x08000bc0                TIM1_CC_IRQHandler
                0x08000bc0                DMA2_Stream5_IRQHandler
                0x08000bc0                DMA1_Stream5_IRQHandler
                0x08000bc0                PVD_IRQHandler
                0x08000bc0                SDIO_IRQHandler
                0x08000bc0                TAMP_STAMP_IRQHandler
                0x08000bc0                EXTI3_IRQHandler
                0x08000bc0                I2C3_ER_IRQHandler
                0x08000bc0                EXTI0_IRQHandler
                0x08000bc0                I2C2_EV_IRQHandler
                0x08000bc0                DMA1_Stream2_IRQHandler
                0x08000bc0                FPU_IRQHandler
                0x08000bc0                DMA2_Stream2_IRQHandler
                0x08000bc0                SPI1_IRQHandler
                0x08000bc0                TIM1_BRK_TIM9_IRQHandler
                0x08000bc0                DMA2_Stream3_IRQHandler
                0x08000bc0                USART6_IRQHandler
                0x08000bc0                DMA2_Stream0_IRQHandler
                0x08000bc0                TIM4_IRQHandler
                0x08000bc0                I2C1_EV_IRQHandler
                0x08000bc0                DMA1_Stream6_IRQHandler
                0x08000bc0                DMA1_Stream1_IRQHandler
                0x08000bc0                TIM3_IRQHandler
                0x08000bc0                RCC_IRQHandler
                0x08000bc0                Default_Handler
                0x08000bc0                EXTI15_10_IRQHandler
                0x08000bc0                ADC_IRQHandler
                0x08000bc0                DMA1_Stream7_IRQHandler
                0x08000bc0                TIM5_IRQHandler
                0x08000bc0                DMA2_Stream7_IRQHandler
                0x08000bc0                I2C3_EV_IRQHandler
                0x08000bc0                EXTI9_5_IRQHandler
                0x08000bc0                RTC_WKUP_IRQHandler
                0x08000bc0                SPI2_IRQHandler
                0x08000bc0                DMA1_Stream0_IRQHandler
                0x08000bc0                EXTI4_IRQHandler
                0x08000bc0                WWDG_IRQHandler
                0x08000bc0                TIM2_IRQHandler
                0x08000bc0                OTG_FS_WKUP_IRQHandler
                0x08000bc0                TIM1_TRG_COM_TIM11_IRQHandler
                0x08000bc0                EXTI1_IRQHandler
                0x08000bc0                USART2_IRQHandler
                0x08000bc0                I2C2_ER_IRQHandler
                0x08000bc0                DMA2_Stream1_IRQHandler
                0x08000bc0                FLASH_IRQHandler
                0x08000bc0                DMA2_Stream4_IRQHandler
                0x08000bc0                USART1_IRQHandler
                0x08000bc0                OTG_FS_IRQHandler
                0x08000bc0                SPI3_IRQHandler
                0x08000bc0                DMA1_Stream4_IRQHandler
                0x08000bc0                I2C1_ER_IRQHandler
                0x08000bc0                DMA2_Stream6_IRQHandler
                0x08000bc0                DMA1_Stream3_IRQHandler
 *fill*         0x08000bc2        0x2 
 .text.SystemInit
                0x08000bc4       0x24 ./Drivers/CMSIS/system_stm32f4xx.o
                0x08000bc4                SystemInit
 .text.HAL_Init
                0x08000be8       0x44 ./Drivers/STM32F4xx_HAL_Driver/stm32f4xx_hal.o
                0x08000be8                HAL_Init
 .text.HAL_IncTick
                0x08000c2c       0x28 ./Drivers/STM32F4xx_HAL_Driver/stm32f4xx_hal.o
                0x08000c2c                HAL_IncTick
 .text.HAL_GetTick
                0x08000c54       0x18 ./Drivers/STM32F4xx_HAL_Driver/stm32f4xx_hal.o
                0x08000c54                HAL_GetTick
 .text.HAL_Delay
                0x08000c6c       0x48 ./Drivers/STM32F4xx_HAL_Driver/stm32f4xx_hal.o
                0x08000c6c                HAL_Delay
 .text.__NVIC_SetPriorityGrouping
                0x08000cb4       0x48 ./Drivers/STM32F4xx_HAL_Driver/stm32f4xx_hal_cortex.o
 .text.__NVIC_GetPriorityGrouping
                0x08000cfc       0x1c ./Drivers/STM32F4xx_HAL_Driver/stm32f4xx_hal_cortex.o
 .text.__NVIC_EnableIRQ
                0x08000d18       0x3c ./Drivers/STM32F4xx_HAL_Driver/stm32f4xx_hal_cortex.o
 .text.__NVIC_SetPriority
                0x08000d54       0x54 ./Drivers/STM32F4xx_HAL_Driver/stm32f4xx_hal_cortex.o
 .text.NVIC_EncodePriority
                0x08000da8       0x66 ./Drivers/STM32F4xx_HAL_Driver/stm32f4xx_hal_cortex.o
 .text.HAL_NVIC_SetPriorityGrouping
                0x08000e0e       0x16 ./Drivers/STM32F4xx_HAL_Driver/stm32f4xx_hal_cortex.o
                0x08000e0e                HAL_NVIC_SetPriorityGrouping
 .text.HAL_NVIC_SetPriority
                0x08000e24       0x38 ./Drivers/STM32F4xx_HAL_Driver/stm32f4xx_hal_cortex.o
                0x08000e24                HAL_NVIC_SetPriority
 .text.HAL_NVIC_EnableIRQ
                0x08000e5c       0x1c ./Drivers/STM32F4xx_HAL_Driver/stm32f4xx_hal_cortex.o
                0x08000e5c                HAL_NVIC_EnableIRQ
 .text.HAL_GPIO_Init
                0x08000e78      0x308 ./Drivers/STM32F4xx_HAL_Driver/stm32f4xx_hal_gpio.o
                0x08000e78                HAL_GPIO_Init
 .text.HAL_GPIO_WritePin
                0x08001180       0x32 ./Drivers/STM32F4xx_HAL_Driver/stm32f4xx_hal_gpio.o
                0x08001180                HAL_GPIO_WritePin
 .text.HAL_GPIO_TogglePin
                0x080011b2       0x34 ./Drivers/STM32F4xx_HAL_Driver/stm32f4xx_hal_gpio.o
                0x080011b2                HAL_GPIO_TogglePin
 *fill*         0x080011e6        0x2 
 .text.HAL_RCC_OscConfig
                0x080011e8      0x4f0 ./Drivers/STM32F4xx_HAL_Driver/stm32f4xx_hal_rcc.o
                0x080011e8                HAL_RCC_OscConfig
 .text.HAL_RCC_ClockConfig
                0x080016d8      0x1cc ./Drivers/STM32F4xx_HAL_Driver/stm32f4xx_hal_rcc.o
                0x080016d8                HAL_RCC_ClockConfig
 .text.HAL_RCC_GetSysClockFreq
                0x080018a4      0x20c ./Drivers/STM32F4xx_HAL_Driver/stm32f4xx_hal_rcc.o
                0x080018a4                HAL_RCC_GetSysClockFreq
 .text.HAL_RCC_GetHCLKFreq
                0x08001ab0       0x18 ./Drivers/STM32F4xx_HAL_Driver/stm32f4xx_hal_rcc.o
                0x08001ab0                HAL_RCC_GetHCLKFreq
 .text.HAL_RCC_GetPCLK1Freq
                0x08001ac8       0x28 ./Drivers/STM32F4xx_HAL_Driver/stm32f4xx_hal_rcc.o
                0x08001ac8                HAL_RCC_GetPCLK1Freq
 .text.HAL_RCC_GetPCLK2Freq
                0x08001af0       0x28 ./Drivers/STM32F4xx_HAL_Driver/stm32f4xx_hal_rcc.o
                0x08001af0                HAL_RCC_GetPCLK2Freq
 .text.HAL_RCC_GetClockConfig
                0x08001b18       0x64 ./Drivers/STM32F4xx_HAL_Driver/stm32f4xx_hal_rcc.o
                0x08001b18                HAL_RCC_GetClockConfig
 .text.HAL_TIM_Base_Init
                0x08001b7c       0x9e ./Drivers/STM32F4xx_HAL_Driver/stm32f4xx_hal_tim.o
                0x08001b7c                HAL_TIM_Base_Init
 .text.HAL_TIM_Base_MspInit
                0x08001c1a       0x14 ./Drivers/STM32F4xx_HAL_Driver/stm32f4xx_hal_tim.o
                0x08001c1a                HAL_TIM_Base_MspInit
 *fill*         0x08001c2e        0x2 
 .text.HAL_TIM_Base_Start_IT
                0x08001c30       0xc4 ./Drivers/STM32F4xx_HAL_Driver/stm32f4xx_hal_tim.o
                0x08001c30                HAL_TIM_Base_Start_IT
 .text.HAL_TIM_IRQHandler
                0x08001cf4      0x1e0 ./Drivers/STM32F4xx_HAL_Driver/stm32f4xx_hal_tim.o
                0x08001cf4                HAL_TIM_IRQHandler
 .text.HAL_TIM_OC_DelayElapsedCallback
                0x08001ed4       0x14 ./Drivers/STM32F4xx_HAL_Driver/stm32f4xx_hal_tim.o
                0x08001ed4                HAL_TIM_OC_DelayElapsedCallback
 .text.HAL_TIM_IC_CaptureCallback
                0x08001ee8       0x14 ./Drivers/STM32F4xx_HAL_Driver/stm32f4xx_hal_tim.o
                0x08001ee8                HAL_TIM_IC_CaptureCallback
 .text.HAL_TIM_PWM_PulseFinishedCallback
                0x08001efc       0x14 ./Drivers/STM32F4xx_HAL_Driver/stm32f4xx_hal_tim.o
                0x08001efc                HAL_TIM_PWM_PulseFinishedCallback
 .text.HAL_TIM_TriggerCallback
                0x08001f10       0x14 ./Drivers/STM32F4xx_HAL_Driver/stm32f4xx_hal_tim.o
                0x08001f10                HAL_TIM_TriggerCallback
 .text.TIM_Base_SetConfig
                0x08001f24      0x10c ./Drivers/STM32F4xx_HAL_Driver/stm32f4xx_hal_tim.o
                0x08001f24                TIM_Base_SetConfig
 .text.HAL_TIMEx_CommutCallback
                0x08002030       0x14 ./Drivers/STM32F4xx_HAL_Driver/stm32f4xx_hal_tim_ex.o
                0x08002030                HAL_TIMEx_CommutCallback
 .text.HAL_TIMEx_BreakCallback
                0x08002044       0x14 ./Drivers/STM32F4xx_HAL_Driver/stm32f4xx_hal_tim_ex.o
                0x08002044                HAL_TIMEx_BreakCallback
 .text.HAL_UART_Init
                0x08002058       0xa0 ./Drivers/STM32F4xx_HAL_Driver/stm32f4xx_hal_uart.o
                0x08002058                HAL_UART_Init
 .text.HAL_UART_Transmit
                0x080020f8      0x116 ./Drivers/STM32F4xx_HAL_Driver/stm32f4xx_hal_uart.o
                0x080020f8                HAL_UART_Transmit
 .text.UART_WaitOnFlagUntilTimeout
                0x0800220e       0xb2 ./Drivers/STM32F4xx_HAL_Driver/stm32f4xx_hal_uart.o
 .text.UART_EndRxTransfer
                0x080022c0       0xc6 ./Drivers/STM32F4xx_HAL_Driver/stm32f4xx_hal_uart.o
 *fill*         0x08002386        0x2 
 .text.UART_SetConfig
                0x08002388      0x4e8 ./Drivers/STM32F4xx_HAL_Driver/stm32f4xx_hal_uart.o
 .text.makeFreeRtosPriority
                0x08002870       0x30 ./Middlewares/FreeRTOS/cmsis_os.o
 .text.osKernelStart
                0x080028a0        0xe ./Middlewares/FreeRTOS/cmsis_os.o
                0x080028a0                osKernelStart
 .text.osThreadCreate
                0x080028ae       0x98 ./Middlewares/FreeRTOS/cmsis_os.o
                0x080028ae                osThreadCreate
 .text.osDelay  0x08002946       0x28 ./Middlewares/FreeRTOS/cmsis_os.o
                0x08002946                osDelay
 *fill*         0x0800296e        0x2 
 .text.pvPortMalloc
                0x08002970      0x19c ./Middlewares/FreeRTOS/heap_4.o
                0x08002970                pvPortMalloc
 .text.vPortFree
                0x08002b0c       0xc8 ./Middlewares/FreeRTOS/heap_4.o
                0x08002b0c                vPortFree
 .text.prvHeapInit
                0x08002bd4       0xc4 ./Middlewares/FreeRTOS/heap_4.o
 .text.prvInsertBlockIntoFreeList
                0x08002c98       0xb4 ./Middlewares/FreeRTOS/heap_4.o
 .text.vListInitialise
                0x08002d4c       0x40 ./Middlewares/FreeRTOS/list.o
                0x08002d4c                vListInitialise
 .text.vListInitialiseItem
                0x08002d8c       0x1a ./Middlewares/FreeRTOS/list.o
                0x08002d8c                vListInitialiseItem
 .text.vListInsertEnd
                0x08002da6       0x48 ./Middlewares/FreeRTOS/list.o
                0x08002da6                vListInsertEnd
 .text.vListInsert
                0x08002dee       0x72 ./Middlewares/FreeRTOS/list.o
                0x08002dee                vListInsert
 .text.uxListRemove
                0x08002e60       0x54 ./Middlewares/FreeRTOS/list.o
                0x08002e60                uxListRemove
 .text.pxPortInitialiseStack
                0x08002eb4       0x68 ./Middlewares/FreeRTOS/port.o
                0x08002eb4                pxPortInitialiseStack
 .text.prvTaskExitError
                0x08002f1c       0x5c ./Middlewares/FreeRTOS/port.o
 *fill*         0x08002f78        0x8 
 .text.SVC_Handler
                0x08002f80       0x28 ./Middlewares/FreeRTOS/port.o
                0x08002f80                SVC_Handler
 .text.prvPortStartFirstTask
                0x08002fa8       0x28 ./Middlewares/FreeRTOS/port.o
 .text.xPortStartScheduler
                0x08002fd0      0x148 ./Middlewares/FreeRTOS/port.o
                0x08002fd0                xPortStartScheduler
 .text.vPortEnterCritical
                0x08003118       0x64 ./Middlewares/FreeRTOS/port.o
                0x08003118                vPortEnterCritical
 .text.vPortExitCritical
                0x0800317c       0x54 ./Middlewares/FreeRTOS/port.o
                0x0800317c                vPortExitCritical
 .text.PendSV_Handler
                0x080031d0       0x68 ./Middlewares/FreeRTOS/port.o
                0x080031d0                PendSV_Handler
 .text.SysTick_Handler
                0x08003238       0x44 ./Middlewares/FreeRTOS/port.o
                0x08003238                SysTick_Handler
 .text.vPortSetupTimerInterrupt
                0x0800327c       0x48 ./Middlewares/FreeRTOS/port.o
                0x0800327c                vPortSetupTimerInterrupt
 .text.vPortEnableVFP
                0x080032c4       0x14 ./Middlewares/FreeRTOS/port.o
 .text.xTaskCreateStatic
                0x080032d8       0xc0 ./Middlewares/FreeRTOS/tasks.o
                0x080032d8                xTaskCreateStatic
 .text.xTaskCreate
                0x08003398       0x8a ./Middlewares/FreeRTOS/tasks.o
                0x08003398                xTaskCreate
 *fill*         0x08003422        0x2 
 .text.prvInitialiseNewTask
                0x08003424      0x140 ./Middlewares/FreeRTOS/tasks.o
 .text.prvAddNewTaskToReadyList
                0x08003564       0xd4 ./Middlewares/FreeRTOS/tasks.o
 .text.vTaskDelay
                0x08003638       0x6c ./Middlewares/FreeRTOS/tasks.o
                0x08003638                vTaskDelay
 .text.vTaskStartScheduler
                0x080036a4       0xd4 ./Middlewares/FreeRTOS/tasks.o
                0x080036a4                vTaskStartScheduler
 .text.vTaskSuspendAll
                0x08003778       0x1c ./Middlewares/FreeRTOS/tasks.o
                0x08003778                vTaskSuspendAll
 .text.xTaskResumeAll
                0x08003794      0x13c ./Middlewares/FreeRTOS/tasks.o
                0x08003794                xTaskResumeAll
 .text.xTaskIncrementTick
                0x080038d0      0x174 ./Middlewares/FreeRTOS/tasks.o
                0x080038d0                xTaskIncrementTick
 .text.vTaskSwitchContext
                0x08003a44       0xc8 ./Middlewares/FreeRTOS/tasks.o
                0x08003a44                vTaskSwitchContext
 .text.prvIdleTask
                0x08003b0c       0x30 ./Middlewares/FreeRTOS/tasks.o
 .text.prvInitialiseTaskLists
                0x08003b3c       0x80 ./Middlewares/FreeRTOS/tasks.o
 .text.prvCheckTasksWaitingTermination
                0x08003bbc       0x5c ./Middlewares/FreeRTOS/tasks.o
 .text.prvDeleteTCB
                0x08003c18       0x6a ./Middlewares/FreeRTOS/tasks.o
 *fill*         0x08003c82        0x2 
 .text.prvResetNextTaskUnblockTime
                0x08003c84       0x40 ./Middlewares/FreeRTOS/tasks.o
 .text.prvAddCurrentTaskToDelayedList
                0x08003cc4       0xcc ./Middlewares/FreeRTOS/tasks.o
 .text.memset   0x08003d90       0x10 C:/ST/STM32CubeIDE_2.0.0/STM32CubeIDE/plugins/com.st.stm32cube.ide.mcu.externaltools.gnu-tools-for-stm32.13.3.rel1.win32_1.0.100.202509120712/tools/bin/../lib/gcc/arm-none-eabi/13.3.1/../../../../arm-none-eabi/lib/thumb/v7e-m+fp/hard\libc_nano.a(libc_a-memset.o)
                0x08003d90                memset
 .text._reclaim_reent
                0x08003da0       0xbc C:/ST/STM32CubeIDE_2.0.0/STM32CubeIDE/plugins/com.st.stm32cube.ide.mcu.externaltools.gnu-tools-for-stm32.13.3.rel1.win32_1.0.100.202509120712/tools/bin/../lib/gcc/arm-none-eabi/13.3.1/../../../../arm-none-eabi/lib/thumb/v7e-m+fp/hard\libc_nano.a(libc_a-reent.o)
                0x08003da0                _reclaim_reent
 .text.__libc_init_array
                0x08003e5c       0x48 C:/ST/STM32CubeIDE_2.0.0/STM32CubeIDE/plugins/com.st.stm32cube.ide.mcu.externaltools.gnu-tools-for-stm32.13.3.rel1.win32_1.0.100.202509120712/tools/bin/../lib/gcc/arm-none-eabi/13.3.1/../../../../arm-none-eabi/lib/thumb/v7e-m+fp/hard\libc_nano.a(libc_a-init.o)
                0x08003e5c                __libc_init_array
 .text.__retarget_lock_acquire_recursive
                0x08003ea4        0x2 C:/ST/STM32CubeIDE_2.0.0/STM32CubeIDE/plugins/com.st.stm32cube.ide.mcu.externaltools.gnu-tools-for-stm32.13.3.rel1.win32_1.0.100.202509120712/tools/bin/../lib/gcc/arm-none-eabi/13.3.1/../../../../arm-none-eabi/lib/thumb/v7e-m+fp/hard\libc_nano.a(libc_a-lock.o)
                0x08003ea4                __retarget_lock_acquire_recursive
 .text.__retarget_lock_release_recursive
                0x08003ea6        0x2 C:/ST/STM32CubeIDE_2.0.0/STM32CubeIDE/plugins/com.st.stm32cube.ide.mcu.externaltools.gnu-tools-for-stm32.13.3.rel1.win32_1.0.100.202509120712/tools/bin/../lib/gcc/arm-none-eabi/13.3.1/../../../../arm-none-eabi/lib/thumb/v7e-m+fp/hard\libc_nano.a(libc_a-lock.o)
                0x08003ea6                __retarget_lock_release_recursive
 .text._free_r  0x08003ea8       0x94 C:/ST/STM32CubeIDE_2.0.0/STM32CubeIDE/plugins/com.st.stm32cube.ide.mcu.externaltools.gnu-tools-for-stm32.13.3.rel1.win32_1.0.100.202509120712/tools/bin/../lib/gcc/arm-none-eabi/13.3.1/../../../../arm-none-eabi/lib/thumb/v7e-m+fp/hard\libc_nano.a(libc_a-freer.o)
                0x08003ea8                _free_r
 .text.__malloc_lock
                0x08003f3c        0xc C:/ST/STM32CubeIDE_2.0.0/STM32CubeIDE/plugins/com.st.stm32cube.ide.mcu.externaltools.gnu-tools-for-stm32.13.3.rel1.win32_1.0.100.202509120712/tools/bin/../lib/gcc/arm-none-eabi/13.3.1/../../../../arm-none-eabi/lib/thumb/v7e-m+fp/hard\libc_nano.a(libc_a-mlock.o)
                0x08003f3c                __malloc_lock
 .text.__malloc_unlock
                0x08003f48        0xc C:/ST/STM32CubeIDE_2.0.0/STM32CubeIDE/plugins/com.st.stm32cube.ide.mcu.externaltools.gnu-tools-for-stm32.13.3.rel1.win32_1.0.100.202509120712/tools/bin/../lib/gcc/arm-none-eabi/13.3.1/../../../../arm-none-eabi/lib/thumb/v7e-m+fp/hard\libc_nano.a(libc_a-mlock.o)
                0x08003f48                __malloc_unlock
 *(.glue_7)
 .glue_7        0x08003f54        0x0 linker stubs
 *(.glue_7t)
 .glue_7t       0x08003f54        0x0 linker stubs
 *(.eh_frame)
 .eh_frame      0x08003f54        0x0 C:/ST/STM32CubeIDE_2.0.0/STM32CubeIDE/plugins/com.st.stm32cube.ide.mcu.externaltools.gnu-tools-for-stm32.13.3.rel1.win32_1.0.100.202509120712/tools/bin/../lib/gcc/arm-none-eabi/13.3.1/thumb/v7e-m+fp/hard/crtbegin.o
 *(.init)
 .init          0x08003f54        0x4 C:/ST/STM32CubeIDE_2.0.0/STM32CubeIDE/plugins/com.st.stm32cube.ide.mcu.externaltools.gnu-tools-for-stm32.13.3.rel1.win32_1.0.100.202509120712/tools/bin/../lib/gcc/arm-none-eabi/13.3.1/thumb/v7e-m+fp/hard/crti.o
                0x08003f54                _init
 .init          0x08003f58        0x8 C:/ST/STM32CubeIDE_2.0.0/STM32CubeIDE/plugins/com.st.stm32cube.ide.mcu.externaltools.gnu-tools-for-stm32.13.3.rel1.win32_1.0.100.202509120712/tools/bin/../lib/gcc/arm-none-eabi/13.3.1/thumb/v7e-m+fp/hard/crtn.o
 *(.fini)
 .fini          0x08003f60        0x4 C:/ST/STM32CubeIDE_2.0.0/STM32CubeIDE/plugins/com.st.stm32cube.ide.mcu.externaltools.gnu-tools-for-stm32.13.3.rel1.win32_1.0.100.202509120712/tools/bin/../lib/gcc/arm-none-eabi/13.3.1/thumb/v7e-m+fp/hard/crti.o
                0x08003f60                _fini
 .fini          0x08003f64        0x8 C:/ST/STM32CubeIDE_2.0.0/STM32CubeIDE/plugins/com.st.stm32cube.ide.mcu.externaltools.gnu-tools-for-stm32.13.3.rel1.win32_1.0.100.202509120712/tools/bin/../lib/gcc/arm-none-eabi/13.3.1/thumb/v7e-m+fp/hard/crtn.o
                0x08003f6c                        . = ALIGN (0x4)
                0x08003f6c                        _etext = .

.vfp11_veneer   0x08003f6c        0x0
 .vfp11_veneer  0x08003f6c        0x0 linker stubs

.v4_bx          0x08003f6c        0x0
 .v4_bx         0x08003f6c        0x0 linker stubs

.iplt           0x08003f6c        0x0
 .iplt          0x08003f6c        0x0 C:/ST/STM32CubeIDE_2.0.0/STM32CubeIDE/plugins/com.st.stm32cube.ide.mcu.externaltools.gnu-tools-for-stm32.13.3.rel1.win32_1.0.100.202509120712/tools/bin/../lib/gcc/arm-none-eabi/13.3.1/thumb/v7e-m+fp/hard/crtbegin.o

.rodata         0x08003f6c       0xcc
                0x08003f6c                        . = ALIGN (0x4)
 *(.rodata)
 .rodata        0x08003f6c       0xac ./Application/User/Core/main.o
 .rodata        0x08004018        0x5 ./Middlewares/FreeRTOS/tasks.o
 *(.rodata*)
 *fill*         0x0800401d        0x3 
 .rodata.AHBPrescTable
                0x08004020       0x10 ./Drivers/CMSIS/system_stm32f4xx.o
                0x08004020                AHBPrescTable
 .rodata.APBPrescTable
                0x08004030        0x8 ./Drivers/CMSIS/system_stm32f4xx.o
                0x08004030                APBPrescTable
                0x08004038                        . = ALIGN (0x4)

.ARM.extab      0x08004038        0x0
                0x08004038                        . = ALIGN (0x4)
 *(.ARM.extab* .gnu.linkonce.armextab.*)
                0x08004038                        . = ALIGN (0x4)

.ARM            0x08004038        0x8
                0x08004038                        . = ALIGN (0x4)
                0x08004038                        __exidx_start = .
 *(.ARM.exidx*)
 .ARM.exidx     0x08004038        0x8 C:/ST/STM32CubeIDE_2.0.0/STM32CubeIDE/plugins/com.st.stm32cube.ide.mcu.externaltools.gnu-tools-for-stm32.13.3.rel1.win32_1.0.100.202509120712/tools/bin/../lib/gcc/arm-none-eabi/13.3.1/thumb/v7e-m+fp/hard\libgcc.a(_udivmoddi4.o)
                0x08004040                        __exidx_end = .
                0x08004040                        . = ALIGN (0x4)

.preinit_array  0x08004040        0x0
                0x08004040                        . = ALIGN (0x4)
                0x08004040                        PROVIDE (__preinit_array_start = .)
 *(.preinit_array*)
                0x08004040                        PROVIDE (__preinit_array_end = .)
                0x08004040                        . = ALIGN (0x4)

.init_array     0x08004040        0x4
                0x08004040                        . = ALIGN (0x4)
                0x08004040                        PROVIDE (__init_array_start = .)
 *(SORT_BY_NAME(.init_array.*))
 *(.init_array*)
 .init_array    0x08004040        0x4 C:/ST/STM32CubeIDE_2.0.0/STM32CubeIDE/plugins/com.st.stm32cube.ide.mcu.externaltools.gnu-tools-for-stm32.13.3.rel1.win32_1.0.100.202509120712/tools/bin/../lib/gcc/arm-none-eabi/13.3.1/thumb/v7e-m+fp/hard/crtbegin.o
                0x08004044                        PROVIDE (__init_array_end = .)
                0x08004044                        . = ALIGN (0x4)

.fini_array     0x08004044        0x4
                0x08004044                        . = ALIGN (0x4)
                [!provide]                        PROVIDE (__fini_array_start = .)
 *(SORT_BY_NAME(.fini_array.*))
 *(.fini_array*)
 .fini_array    0x08004044        0x4 C:/ST/STM32CubeIDE_2.0.0/STM32CubeIDE/plugins/com.st.stm32cube.ide.mcu.externaltools.gnu-tools-for-stm32.13.3.rel1.win32_1.0.100.202509120712/tools/bin/../lib/gcc/arm-none-eabi/13.3.1/thumb/v7e-m+fp/hard/crtbegin.o
                [!provide]                        PROVIDE (__fini_array_end = .)
                0x08004048                        . = ALIGN (0x4)
                0x08004048                        _sidata = LOADADDR (.data)

.rel.dyn        0x08004048        0x0
 .rel.iplt      0x08004048        0x0 C:/ST/STM32CubeIDE_2.0.0/STM32CubeIDE/plugins/com.st.stm32cube.ide.mcu.externaltools.gnu-tools-for-stm32.13.3.rel1.win32_1.0.100.202509120712/tools/bin/../lib/gcc/arm-none-eabi/13.3.1/thumb/v7e-m+fp/hard/crtbegin.o

.data           0x20000000       0x60 load address 0x08004048
                0x20000000                        . = ALIGN (0x4)
                0x20000000                        _sdata = .
 *(.data)
 *(.data*)
 .data.SystemCoreClock
                0x20000000        0x4 ./Drivers/CMSIS/system_stm32f4xx.o
                0x20000000                SystemCoreClock
 .data.uwTickPrio
                0x20000004        0x4 ./Drivers/STM32F4xx_HAL_Driver/stm32f4xx_hal.o
                0x20000004                uwTickPrio
 .data.uwTickFreq
                0x20000008        0x1 ./Drivers/STM32F4xx_HAL_Driver/stm32f4xx_hal.o
                0x20000008                uwTickFreq
 *fill*         0x20000009        0x3 
 .data.uxCriticalNesting
                0x2000000c        0x4 ./Middlewares/FreeRTOS/port.o
 .data._impure_ptr
                0x20000010        0x4 C:/ST/STM32CubeIDE_2.0.0/STM32CubeIDE/plugins/com.st.stm32cube.ide.mcu.externaltools.gnu-tools-for-stm32.13.3.rel1.win32_1.0.100.202509120712/tools/bin/../lib/gcc/arm-none-eabi/13.3.1/../../../../arm-none-eabi/lib/thumb/v7e-m+fp/hard\libc_nano.a(libc_a-impure.o)
                0x20000010                _impure_ptr
 .data._impure_data
                0x20000014       0x4c C:/ST/STM32CubeIDE_2.0.0/STM32CubeIDE/plugins/com.st.stm32cube.ide.mcu.externaltools.gnu-tools-for-stm32.13.3.rel1.win32_1.0.100.202509120712/tools/bin/../lib/gcc/arm-none-eabi/13.3.1/../../../../arm-none-eabi/lib/thumb/v7e-m+fp/hard\libc_nano.a(libc_a-impure.o)
                0x20000014                _impure_data
 *(.RamFunc)
 *(.RamFunc*)
                0x20000060                        . = ALIGN (0x4)
                0x20000060                        _edata = .

.igot.plt       0x20000060        0x0 load address 0x080040a8
 .igot.plt      0x20000060        0x0 C:/ST/STM32CubeIDE_2.0.0/STM32CubeIDE/plugins/com.st.stm32cube.ide.mcu.externaltools.gnu-tools-for-stm32.13.3.rel1.win32_1.0.100.202509120712/tools/bin/../lib/gcc/arm-none-eabi/13.3.1/thumb/v7e-m+fp/hard/crtbegin.o
                0x20000060                        . = ALIGN (0x4)

.bss            0x20000060     0x41f0 load address 0x080040a8
                0x20000060                        _sbss = .
                0x20000060                        __bss_start__ = _sbss
 *(.bss)
 .bss           0x20000060       0x1c C:/ST/STM32CubeIDE_2.0.0/STM32CubeIDE/plugins/com.st.stm32cube.ide.mcu.externaltools.gnu-tools-for-stm32.13.3.rel1.win32_1.0.100.202509120712/tools/bin/../lib/gcc/arm-none-eabi/13.3.1/thumb/v7e-m+fp/hard/crtbegin.o
 *(.bss*)
 .bss.xIdleTaskTCBBuffer
                0x2000007c       0xa0 ./Application/User/Core/freertos.o
 .bss.xIdleStack
                0x2000011c      0x200 ./Application/User/Core/freertos.o
 .bss.huart2    0x2000031c       0x48 ./Application/User/Core/main.o
                0x2000031c                huart2
 .bss.defaultTaskHandle
                0x20000364        0x4 ./Application/User/Core/main.o
                0x20000364                defaultTaskHandle
 .bss.Task2Handle
                0x20000368        0x4 ./Application/User/Core/main.o
                0x20000368                Task2Handle
 .bss.Task3Handle
                0x2000036c        0x4 ./Application/User/Core/main.o
                0x2000036c                Task3Handle
 .bss.htim1     0x20000370       0x48 ./Application/User/Core/stm32f4xx_hal_timebase_tim.o
                0x20000370                htim1
 .bss.uwTick    0x200003b8        0x4 ./Drivers/STM32F4xx_HAL_Driver/stm32f4xx_hal.o
                0x200003b8                uwTick
 .bss.ucHeap    0x200003bc     0x3c00 ./Middlewares/FreeRTOS/heap_4.o
 .bss.xStart    0x20003fbc        0x8 ./Middlewares/FreeRTOS/heap_4.o
 .bss.pxEnd     0x20003fc4        0x4 ./Middlewares/FreeRTOS/heap_4.o
 .bss.xFreeBytesRemaining
                0x20003fc8        0x4 ./Middlewares/FreeRTOS/heap_4.o
 .bss.xMinimumEverFreeBytesRemaining
                0x20003fcc        0x4 ./Middlewares/FreeRTOS/heap_4.o
 .bss.xNumberOfSuccessfulAllocations
                0x20003fd0        0x4 ./Middlewares/FreeRTOS/heap_4.o
 .bss.xNumberOfSuccessfulFrees
                0x20003fd4        0x4 ./Middlewares/FreeRTOS/heap_4.o
 .bss.xBlockAllocatedBit
                0x20003fd8        0x4 ./Middlewares/FreeRTOS/heap_4.o
 .bss.ucMaxSysCallPriority
                0x20003fdc        0x1 ./Middlewares/FreeRTOS/port.o
 *fill*         0x20003fdd        0x3 
 .bss.ulMaxPRIGROUPValue
                0x20003fe0        0x4 ./Middlewares/FreeRTOS/port.o
 .bss.pxCurrentTCB
                0x20003fe4        0x4 ./Middlewares/FreeRTOS/tasks.o
                0x20003fe4                pxCurrentTCB
 .bss.pxReadyTasksLists
                0x20003fe8       0x8c ./Middlewares/FreeRTOS/tasks.o
 .bss.xDelayedTaskList1
                0x20004074       0x14 ./Middlewares/FreeRTOS/tasks.o
 .bss.xDelayedTaskList2
                0x20004088       0x14 ./Middlewares/FreeRTOS/tasks.o
 .bss.pxDelayedTaskList
                0x2000409c        0x4 ./Middlewares/FreeRTOS/tasks.o
 .bss.pxOverflowDelayedTaskList
                0x200040a0        0x4 ./Middlewares/FreeRTOS/tasks.o
 .bss.xPendingReadyList
                0x200040a4       0x14 ./Middlewares/FreeRTOS/tasks.o
 .bss.xTasksWaitingTermination
                0x200040b8       0x14 ./Middlewares/FreeRTOS/tasks.o
 .bss.uxDeletedTasksWaitingCleanUp
                0x200040cc        0x4 ./Middlewares/FreeRTOS/tasks.o
 .bss.xSuspendedTaskList
                0x200040d0       0x14 ./Middlewares/FreeRTOS/tasks.o
 .bss.uxCurrentNumberOfTasks
                0x200040e4        0x4 ./Middlewares/FreeRTOS/tasks.o
 .bss.xTickCount
                0x200040e8        0x4 ./Middlewares/FreeRTOS/tasks.o
 .bss.uxTopReadyPriority
                0x200040ec        0x4 ./Middlewares/FreeRTOS/tasks.o
 .bss.xSchedulerRunning
                0x200040f0        0x4 ./Middlewares/FreeRTOS/tasks.o
 .bss.xPendedTicks
                0x200040f4        0x4 ./Middlewares/FreeRTOS/tasks.o
 .bss.xYieldPending
                0x200040f8        0x4 ./Middlewares/FreeRTOS/tasks.o
 .bss.xNumOfOverflows
                0x200040fc        0x4 ./Middlewares/FreeRTOS/tasks.o
 .bss.uxTaskNumber
                0x20004100        0x4 ./Middlewares/FreeRTOS/tasks.o
 .bss.xNextTaskUnblockTime
                0x20004104        0x4 ./Middlewares/FreeRTOS/tasks.o
 .bss.xIdleTaskHandle
                0x20004108        0x4 ./Middlewares/FreeRTOS/tasks.o
 .bss.uxSchedulerSuspended
                0x2000410c        0x4 ./Middlewares/FreeRTOS/tasks.o
 .bss.__sf      0x20004110      0x138 C:/ST/STM32CubeIDE_2.0.0/STM32CubeIDE/plugins/com.st.stm32cube.ide.mcu.externaltools.gnu-tools-for-stm32.13.3.rel1.win32_1.0.100.202509120712/tools/bin/../lib/gcc/arm-none-eabi/13.3.1/../../../../arm-none-eabi/lib/thumb/v7e-m+fp/hard\libc_nano.a(libc_a-findfp.o)
                0x20004110                __sf
 .bss.__lock___malloc_recursive_mutex
                0x20004248        0x1 C:/ST/STM32CubeIDE_2.0.0/STM32CubeIDE/plugins/com.st.stm32cube.ide.mcu.externaltools.gnu-tools-for-stm32.13.3.rel1.win32_1.0.100.202509120712/tools/bin/../lib/gcc/arm-none-eabi/13.3.1/../../../../arm-none-eabi/lib/thumb/v7e-m+fp/hard\libc_nano.a(libc_a-lock.o)
                0x20004248                __lock___malloc_recursive_mutex
 *fill*         0x20004249        0x3 
 .bss.__malloc_free_list
                0x2000424c        0x4 C:/ST/STM32CubeIDE_2.0.0/STM32CubeIDE/plugins/com.st.stm32cube.ide.mcu.externaltools.gnu-tools-for-stm32.13.3.rel1.win32_1.0.100.202509120712/tools/bin/../lib/gcc/arm-none-eabi/13.3.1/../../../../arm-none-eabi/lib/thumb/v7e-m+fp/hard\libc_nano.a(libc_a-mallocr.o)
                0x2000424c                __malloc_free_list
 *(COMMON)
                0x20004250                        . = ALIGN (0x4)
                0x20004250                        _ebss = .
                0x20004250                        __bss_end__ = _ebss

._user_heap_stack
                0x20004250      0x600 load address 0x080040a8
                0x20004250                        . = ALIGN (0x8)
                [!provide]                        PROVIDE (end = .)
                0x20004250                        PROVIDE (_end = .)
                0x20004450                        . = (. + _Min_Heap_Size)
 *fill*         0x20004250      0x200 
                0x20004850                        . = (. + _Min_Stack_Size)
 *fill*         0x20004450      0x400 
                0x20004850                        . = ALIGN (0x8)

/DISCARD/
 libc.a(*)
 libm.a(*)
 libgcc.a(*)

.ARM.attributes
                0x00000000       0x30
 *(.ARM.attributes)
 .ARM.attributes
                0x00000000       0x22 C:/ST/STM32CubeIDE_2.0.0/STM32CubeIDE/plugins/com.st.stm32cube.ide.mcu.externaltools.gnu-tools-for-stm32.13.3.rel1.win32_1.0.100.202509120712/tools/bin/../lib/gcc/arm-none-eabi/13.3.1/thumb/v7e-m+fp/hard/crti.o
 .ARM.attributes
                0x00000022       0x34 C:/ST/STM32CubeIDE_2.0.0/STM32CubeIDE/plugins/com.st.stm32cube.ide.mcu.externaltools.gnu-tools-for-stm32.13.3.rel1.win32_1.0.100.202509120712/tools/bin/../lib/gcc/arm-none-eabi/13.3.1/thumb/v7e-m+fp/hard/crtbegin.o
 .ARM.attributes
                0x00000056       0x34 ./Application/User/Core/freertos.o
 .ARM.attributes
                0x0000008a       0x34 ./Application/User/Core/main.o
 .ARM.attributes
                0x000000be       0x34 ./Application/User/Core/stm32f4xx_hal_msp.o
 .ARM.attributes
                0x000000f2       0x34 ./Application/User/Core/stm32f4xx_hal_timebase_tim.o
 .ARM.attributes
                0x00000126       0x34 ./Application/User/Core/stm32f4xx_it.o
 .ARM.attributes
                0x0000015a       0x21 ./Application/User/Startup/startup_stm32f401retx.o
 .ARM.attributes
                0x0000017b       0x34 ./Drivers/CMSIS/system_stm32f4xx.o
 .ARM.attributes
                0x000001af       0x34 ./Drivers/STM32F4xx_HAL_Driver/stm32f4xx_hal.o
 .ARM.attributes
                0x000001e3       0x34 ./Drivers/STM32F4xx_HAL_Driver/stm32f4xx_hal_cortex.o
 .ARM.attributes
                0x00000217       0x34 ./Drivers/STM32F4xx_HAL_Driver/stm32f4xx_hal_gpio.o
 .ARM.attributes
                0x0000024b       0x34 ./Drivers/STM32F4xx_HAL_Driver/stm32f4xx_hal_rcc.o
 .ARM.attributes
                0x0000027f       0x34 ./Drivers/STM32F4xx_HAL_Driver/stm32f4xx_hal_tim.o
 .ARM.attributes
                0x000002b3       0x34 ./Drivers/STM32F4xx_HAL_Driver/stm32f4xx_hal_tim_ex.o
 .ARM.attributes
                0x000002e7       0x34 ./Drivers/STM32F4xx_HAL_Driver/stm32f4xx_hal_uart.o
 .ARM.attributes
                0x0000031b       0x34 ./Middlewares/FreeRTOS/cmsis_os.o
 .ARM.attributes
                0x0000034f       0x34 ./Middlewares/FreeRTOS/heap_4.o
 .ARM.attributes
                0x00000383       0x34 ./Middlewares/FreeRTOS/list.o
 .ARM.attributes
                0x000003b7       0x34 ./Middlewares/FreeRTOS/port.o
 .ARM.attributes
                0x000003eb       0x34 ./Middlewares/FreeRTOS/tasks.o
 .ARM.attributes
                0x0000041f       0x34 C:/ST/STM32CubeIDE_2.0.0/STM32CubeIDE/plugins/com.st.stm32cube.ide.mcu.externaltools.gnu-tools-for-stm32.13.3.rel1.win32_1.0.100.202509120712/tools/bin/../lib/gcc/arm-none-eabi/13.3.1/../../../../arm-none-eabi/lib/thumb/v7e-m+fp/hard\libc_nano.a(libc_a-findfp.o)
 .ARM.attributes
                0x00000453       0x34 C:/ST/STM32CubeIDE_2.0.0/STM32CubeIDE/plugins/com.st.stm32cube.ide.mcu.externaltools.gnu-tools-for-stm32.13.3.rel1.win32_1.0.100.202509120712/tools/bin/../lib/gcc/arm-none-eabi/13.3.1/../../../../arm-none-eabi/lib/thumb/v7e-m+fp/hard\libc_nano.a(libc_a-memset.o)
 .ARM.attributes
                0x00000487       0x34 C:/ST/STM32CubeIDE_2.0.0/STM32CubeIDE/plugins/com.st.stm32cube.ide.mcu.externaltools.gnu-tools-for-stm32.13.3.rel1.win32_1.0.100.202509120712/tools/bin/../lib/gcc/arm-none-eabi/13.3.1/../../../../arm-none-eabi/lib/thumb/v7e-m+fp/hard\libc_nano.a(libc_a-reent.o)
 .ARM.attributes
                0x000004bb       0x34 C:/ST/STM32CubeIDE_2.0.0/STM32CubeIDE/plugins/com.st.stm32cube.ide.mcu.externaltools.gnu-tools-for-stm32.13.3.rel1.win32_1.0.100.202509120712/tools/bin/../lib/gcc/arm-none-eabi/13.3.1/../../../../arm-none-eabi/lib/thumb/v7e-m+fp/hard\libc_nano.a(libc_a-impure.o)
 .ARM.attributes
                0x000004ef       0x34 C:/ST/STM32CubeIDE_2.0.0/STM32CubeIDE/plugins/com.st.stm32cube.ide.mcu.externaltools.gnu-tools-for-stm32.13.3.rel1.win32_1.0.100.202509120712/tools/bin/../lib/gcc/arm-none-eabi/13.3.1/../../../../arm-none-eabi/lib/thumb/v7e-m+fp/hard\libc_nano.a(libc_a-init.o)
 .ARM.attributes
                0x00000523       0x34 C:/ST/STM32CubeIDE_2.0.0/STM32CubeIDE/plugins/com.st.stm32cube.ide.mcu.externaltools.gnu-tools-for-stm32.13.3.rel1.win32_1.0.100.202509120712/tools/bin/../lib/gcc/arm-none-eabi/13.3.1/../../../../arm-none-eabi/lib/thumb/v7e-m+fp/hard\libc_nano.a(libc_a-lock.o)
 .ARM.attributes
                0x00000557       0x34 C:/ST/STM32CubeIDE_2.0.0/STM32CubeIDE/plugins/com.st.stm32cube.ide.mcu.externaltools.gnu-tools-for-stm32.13.3.rel1.win32_1.0.100.202509120712/tools/bin/../lib/gcc/arm-none-eabi/13.3.1/../../../../arm-none-eabi/lib/thumb/v7e-m+fp/hard\libc_nano.a(libc_a-freer.o)
 .ARM.attributes
                0x0000058b       0x34 C:/ST/STM32CubeIDE_2.0.0/STM32CubeIDE/plugins/com.st.stm32cube.ide.mcu.externaltools.gnu-tools-for-stm32.13.3.rel1.win32_1.0.100.202509120712/tools/bin/../lib/gcc/arm-none-eabi/13.3.1/../../../../arm-none-eabi/lib/thumb/v7e-m+fp/hard\libc_nano.a(libc_a-mallocr.o)
 .ARM.attributes
                0x000005bf       0x34 C:/ST/STM32CubeIDE_2.0.0/STM32CubeIDE/plugins/com.st.stm32cube.ide.mcu.externaltools.gnu-tools-for-stm32.13.3.rel1.win32_1.0.100.202509120712/tools/bin/../lib/gcc/arm-none-eabi/13.3.1/../../../../arm-none-eabi/lib/thumb/v7e-m+fp/hard\libc_nano.a(libc_a-mlock.o)
 .ARM.attributes
                0x000005f3       0x22 C:/ST/STM32CubeIDE_2.0.0/STM32CubeIDE/plugins/com.st.stm32cube.ide.mcu.externaltools.gnu-tools-for-stm32.13.3.rel1.win32_1.0.100.202509120712/tools/bin/../lib/gcc/arm-none-eabi/13.3.1/thumb/v7e-m+fp/hard\libgcc.a(_aeabi_uldivmod.o)
 .ARM.attributes
                0x00000615       0x34 C:/ST/STM32CubeIDE_2.0.0/STM32CubeIDE/plugins/com.st.stm32cube.ide.mcu.externaltools.gnu-tools-for-stm32.13.3.rel1.win32_1.0.100.202509120712/tools/bin/../lib/gcc/arm-none-eabi/13.3.1/thumb/v7e-m+fp/hard\libgcc.a(_udivmoddi4.o)
 .ARM.attributes
                0x00000649       0x22 C:/ST/STM32CubeIDE_2.0.0/STM32CubeIDE/plugins/com.st.stm32cube.ide.mcu.externaltools.gnu-tools-for-stm32.13.3.rel1.win32_1.0.100.202509120712/tools/bin/../lib/gcc/arm-none-eabi/13.3.1/thumb/v7e-m+fp/hard\libgcc.a(_dvmd_tls.o)
 .ARM.attributes
                0x0000066b       0x22 C:/ST/STM32CubeIDE_2.0.0/STM32CubeIDE/plugins/com.st.stm32cube.ide.mcu.externaltools.gnu-tools-for-stm32.13.3.rel1.win32_1.0.100.202509120712/tools/bin/../lib/gcc/arm-none-eabi/13.3.1/thumb/v7e-m+fp/hard/crtn.o
OUTPUT(tasks-and-priorities.elf elf32-littlearm)
LOAD linker stubs
LOAD C:/ST/STM32CubeIDE_2.0.0/STM32CubeIDE/plugins/com.st.stm32cube.ide.mcu.externaltools.gnu-tools-for-stm32.13.3.rel1.win32_1.0.100.202509120712/tools/bin/../lib/gcc/arm-none-eabi/13.3.1/../../../../arm-none-eabi/lib/thumb/v7e-m+fp/hard\libc.a
LOAD C:/ST/STM32CubeIDE_2.0.0/STM32CubeIDE/plugins/com.st.stm32cube.ide.mcu.externaltools.gnu-tools-for-stm32.13.3.rel1.win32_1.0.100.202509120712/tools/bin/../lib/gcc/arm-none-eabi/13.3.1/../../../../arm-none-eabi/lib/thumb/v7e-m+fp/hard\libm.a
LOAD C:/ST/STM32CubeIDE_2.0.0/STM32CubeIDE/plugins/com.st.stm32cube.ide.mcu.externaltools.gnu-tools-for-stm32.13.3.rel1.win32_1.0.100.202509120712/tools/bin/../lib/gcc/arm-none-eabi/13.3.1/thumb/v7e-m+fp/hard\libgcc.a

.debug_info     0x00000000    0x12bc2
 .debug_info    0x00000000      0x919 ./Application/User/Core/freertos.o
 .debug_info    0x00000919     0x1b04 ./Application/User/Core/main.o
 .debug_info    0x0000241d      0xad3 ./Application/User/Core/stm32f4xx_hal_msp.o
 .debug_info    0x00002ef0      0xb6f ./Application/User/Core/stm32f4xx_hal_timebase_tim.o
 .debug_info    0x00003a5f      0x6a4 ./Application/User/Core/stm32f4xx_it.o
 .debug_info    0x00004103       0x30 ./Application/User/Startup/startup_stm32f401retx.o
 .debug_info    0x00004133      0x53e ./Drivers/CMSIS/system_stm32f4xx.o
 .debug_info    0x00004671      0x8bb ./Drivers/STM32F4xx_HAL_Driver/stm32f4xx_hal.o
 .debug_info    0x00004f2c      0xcf6 ./Drivers/STM32F4xx_HAL_Driver/stm32f4xx_hal_cortex.o
 .debug_info    0x00005c22      0x6f9 ./Drivers/STM32F4xx_HAL_Driver/stm32f4xx_hal_gpio.o
 .debug_info    0x0000631b      0x905 ./Drivers/STM32F4xx_HAL_Driver/stm32f4xx_hal_rcc.o
 .debug_info    0x00006c20     0x2996 ./Drivers/STM32F4xx_HAL_Driver/stm32f4xx_hal_tim.o
 .debug_info    0x000095b6     0x14d4 ./Drivers/STM32F4xx_HAL_Driver/stm32f4xx_hal_tim_ex.o
 .debug_info    0x0000aa8a     0x2f56 ./Drivers/STM32F4xx_HAL_Driver/stm32f4xx_hal_uart.o
 .debug_info    0x0000d9e0     0x21e2 ./Middlewares/FreeRTOS/cmsis_os.o
 .debug_info    0x0000fbc2      0x4d5 ./Middlewares/FreeRTOS/heap_4.o
 .debug_info    0x00010097      0x2af ./Middlewares/FreeRTOS/list.o
 .debug_info    0x00010346      0x4de ./Middlewares/FreeRTOS/port.o
 .debug_info    0x00010824     0x239e ./Middlewares/FreeRTOS/tasks.o

.debug_abbrev   0x00000000     0x2ad1
 .debug_abbrev  0x00000000      0x16f ./Application/User/Core/freertos.o
 .debug_abbrev  0x0000016f      0x333 ./Application/User/Core/main.o
 .debug_abbrev  0x000004a2      0x1c9 ./Application/User/Core/stm32f4xx_hal_msp.o
 .debug_abbrev  0x0000066b      0x207 ./Application/User/Core/stm32f4xx_hal_timebase_tim.o
 .debug_abbrev  0x00000872      0x190 ./Application/User/Core/stm32f4xx_it.o
 .debug_abbrev  0x00000a02       0x24 ./Application/User/Startup/startup_stm32f401retx.o
 .debug_abbrev  0x00000a26      0x11a ./Drivers/CMSIS/system_stm32f4xx.o
 .debug_abbrev  0x00000b40      0x24b ./Drivers/STM32F4xx_HAL_Driver/stm32f4xx_hal.o
 .debug_abbrev  0x00000d8b      0x31d ./Drivers/STM32F4xx_HAL_Driver/stm32f4xx_hal_cortex.o
 .debug_abbrev  0x000010a8      0x1d3 ./Drivers/STM32F4xx_HAL_Driver/stm32f4xx_hal_gpio.o
 .debug_abbrev  0x0000127b      0x2b6 ./Drivers/STM32F4xx_HAL_Driver/stm32f4xx_hal_rcc.o
 .debug_abbrev  0x00001531      0x28b ./Drivers/STM32F4xx_HAL_Driver/stm32f4xx_hal_tim.o
 .debug_abbrev  0x000017bc      0x296 ./Drivers/STM32F4xx_HAL_Driver/stm32f4xx_hal_tim_ex.o
 .debug_abbrev  0x00001a52      0x31b ./Drivers/STM32F4xx_HAL_Driver/stm32f4xx_hal_uart.o
 .debug_abbrev  0x00001d6d      0x426 ./Middlewares/FreeRTOS/cmsis_os.o
 .debug_abbrev  0x00002193      0x21d ./Middlewares/FreeRTOS/heap_4.o
 .debug_abbrev  0x000023b0       0xf5 ./Middlewares/FreeRTOS/list.o
 .debug_abbrev  0x000024a5      0x25c ./Middlewares/FreeRTOS/port.o
 .debug_abbrev  0x00002701      0x3d0 ./Middlewares/FreeRTOS/tasks.o

.debug_aranges  0x00000000     0x1080
 .debug_aranges
                0x00000000       0x20 ./Application/User/Core/freertos.o
 .debug_aranges
                0x00000020       0x78 ./Application/User/Core/main.o
 .debug_aranges
                0x00000098       0x30 ./Application/User/Core/stm32f4xx_hal_msp.o
 .debug_aranges
                0x000000c8       0x30 ./Application/User/Core/stm32f4xx_hal_timebase_tim.o
 .debug_aranges
                0x000000f8       0x50 ./Application/User/Core/stm32f4xx_it.o
 .debug_aranges
                0x00000148       0x28 ./Application/User/Startup/startup_stm32f401retx.o
 .debug_aranges
                0x00000170       0x28 ./Drivers/CMSIS/system_stm32f4xx.o
 .debug_aranges
                0x00000198       0xf0 ./Drivers/STM32F4xx_HAL_Driver/stm32f4xx_hal.o
 .debug_aranges
                0x00000288      0x130 ./Drivers/STM32F4xx_HAL_Driver/stm32f4xx_hal_cortex.o
 .debug_aranges
                0x000003b8       0x58 ./Drivers/STM32F4xx_HAL_Driver/stm32f4xx_hal_gpio.o
 .debug_aranges
                0x00000410       0x88 ./Drivers/STM32F4xx_HAL_Driver/stm32f4xx_hal_rcc.o
 .debug_aranges
                0x00000498      0x3d0 ./Drivers/STM32F4xx_HAL_Driver/stm32f4xx_hal_tim.o
 .debug_aranges
                0x00000868      0x168 ./Drivers/STM32F4xx_HAL_Driver/stm32f4xx_hal_tim_ex.o
 .debug_aranges
                0x000009d0      0x208 ./Drivers/STM32F4xx_HAL_Driver/stm32f4xx_hal_uart.o
 .debug_aranges
                0x00000bd8      0x1d8 ./Middlewares/FreeRTOS/cmsis_os.o
 .debug_aranges
                0x00000db0       0x58 ./Middlewares/FreeRTOS/heap_4.o
 .debug_aranges
                0x00000e08       0x40 ./Middlewares/FreeRTOS/list.o
 .debug_aranges
                0x00000e48       0x80 ./Middlewares/FreeRTOS/port.o
 .debug_aranges
                0x00000ec8      0x1b8 ./Middlewares/FreeRTOS/tasks.o

.debug_rnglists
                0x00000000      0xcd7
 .debug_rnglists
                0x00000000       0x13 ./Application/User/Core/freertos.o
 .debug_rnglists
                0x00000013       0x58 ./Application/User/Core/main.o
 .debug_rnglists
                0x0000006b       0x20 ./Application/User/Core/stm32f4xx_hal_msp.o
 .debug_rnglists
                0x0000008b       0x20 ./Application/User/Core/stm32f4xx_hal_timebase_tim.o
 .debug_rnglists
                0x000000ab       0x37 ./Application/User/Core/stm32f4xx_it.o
 .debug_rnglists
                0x000000e2       0x19 ./Application/User/Startup/startup_stm32f401retx.o
 .debug_rnglists
                0x000000fb       0x1a ./Drivers/CMSIS/system_stm32f4xx.o
 .debug_rnglists
                0x00000115       0xaf ./Drivers/STM32F4xx_HAL_Driver/stm32f4xx_hal.o
 .debug_rnglists
                0x000001c4       0xe0 ./Drivers/STM32F4xx_HAL_Driver/stm32f4xx_hal_cortex.o
 .debug_rnglists
                0x000002a4       0x3f ./Drivers/STM32F4xx_HAL_Driver/stm32f4xx_hal_gpio.o
 .debug_rnglists
                0x000002e3       0x66 ./Drivers/STM32F4xx_HAL_Driver/stm32f4xx_hal_rcc.o
 .debug_rnglists
                0x00000349      0x31a ./Drivers/STM32F4xx_HAL_Driver/stm32f4xx_hal_tim.o
 .debug_rnglists
                0x00000663      0x125 ./Drivers/STM32F4xx_HAL_Driver/stm32f4xx_hal_tim_ex.o
 .debug_rnglists
                0x00000788      0x1bc ./Drivers/STM32F4xx_HAL_Driver/stm32f4xx_hal_uart.o
 .debug_rnglists
                0x00000944      0x16a ./Middlewares/FreeRTOS/cmsis_os.o
 .debug_rnglists
                0x00000aae       0x42 ./Middlewares/FreeRTOS/heap_4.o
 .debug_rnglists
                0x00000af0       0x2b ./Middlewares/FreeRTOS/list.o
 .debug_rnglists
                0x00000b1b       0x5d ./Middlewares/FreeRTOS/port.o
 .debug_rnglists
                0x00000b78      0x15f ./Middlewares/FreeRTOS/tasks.o

.debug_macro    0x00000000    0x17c48
 .debug_macro   0x00000000      0x2f5 ./Application/User/Core/freertos.o
 .debug_macro   0x000002f5      0xad8 ./Application/User/Core/freertos.o
 .debug_macro   0x00000dcd      0x190 ./Application/User/Core/freertos.o
 .debug_macro   0x00000f5d       0x22 ./Application/User/Core/freertos.o
 .debug_macro   0x00000f7f       0x8e ./Application/User/Core/freertos.o
 .debug_macro   0x0000100d       0x51 ./Application/User/Core/freertos.o
 .debug_macro   0x0000105e      0x103 ./Application/User/Core/freertos.o
 .debug_macro   0x00001161       0x6a ./Application/User/Core/freertos.o
 .debug_macro   0x000011cb      0x1df ./Application/User/Core/freertos.o
 .debug_macro   0x000013aa       0xf1 ./Application/User/Core/freertos.o
 .debug_macro   0x0000149b      0x15a ./Application/User/Core/freertos.o
 .debug_macro   0x000015f5       0xde ./Application/User/Core/freertos.o
 .debug_macro   0x000016d3       0x1c ./Application/User/Core/freertos.o
 .debug_macro   0x000016ef       0x26 ./Application/User/Core/freertos.o
 .debug_macro   0x00001715       0x61 ./Application/User/Core/freertos.o
 .debug_macro   0x00001776       0x2a ./Application/User/Core/freertos.o
 .debug_macro   0x000017a0       0x43 ./Application/User/Core/freertos.o
 .debug_macro   0x000017e3       0x34 ./Application/User/Core/freertos.o
 .debug_macro   0x00001817      0x370 ./Application/User/Core/freertos.o
 .debug_macro   0x00001b87       0x16 ./Application/User/Core/freertos.o
 .debug_macro   0x00001b9d       0x4a ./Application/User/Core/freertos.o
 .debug_macro   0x00001be7       0x34 ./Application/User/Core/freertos.o
 .debug_macro   0x00001c1b       0x10 ./Application/User/Core/freertos.o
 .debug_macro   0x00001c2b       0x58 ./Application/User/Core/freertos.o
 .debug_macro   0x00001c83       0x8e ./Application/User/Core/freertos.o
 .debug_macro   0x00001d11       0x1c ./Application/User/Core/freertos.o
 .debug_macro   0x00001d2d      0x185 ./Application/User/Core/freertos.o
 .debug_macro   0x00001eb2       0x10 ./Application/User/Core/freertos.o
 .debug_macro   0x00001ec2       0x3c ./Application/User/Core/freertos.o
 .debug_macro   0x00001efe      0x4fe ./Application/User/Core/freertos.o
 .debug_macro   0x000023fc       0xb5 ./Application/User/Core/freertos.o
 .debug_macro   0x000024b1       0xaa ./Application/User/Core/freertos.o
 .debug_macro   0x0000255b      0x29b ./Application/User/Core/freertos.o
 .debug_macro   0x000027f6       0x2e ./Application/User/Core/freertos.o
 .debug_macro   0x00002824       0x28 ./Application/User/Core/freertos.o
 .debug_macro   0x0000284c       0x1c ./Application/User/Core/freertos.o
 .debug_macro   0x00002868       0x22 ./Application/User/Core/freertos.o
 .debug_macro   0x0000288a       0xfb ./Application/User/Core/freertos.o
 .debug_macro   0x00002985     0x1011 ./Application/User/Core/freertos.o
 .debug_macro   0x00003996      0x11f ./Application/User/Core/freertos.o
 .debug_macro   0x00003ab5     0xb881 ./Application/User/Core/freertos.o
 .debug_macro   0x0000f336       0x6d ./Application/User/Core/freertos.o
 .debug_macro   0x0000f3a3     0x3693 ./Application/User/Core/freertos.o
 .debug_macro   0x00012a36       0x56 ./Application/User/Core/freertos.o
 .debug_macro   0x00012a8c      0x416 ./Application/User/Core/freertos.o
 .debug_macro   0x00012ea2      0x9e9 ./Application/User/Core/freertos.o
 .debug_macro   0x0001388b      0x115 ./Application/User/Core/freertos.o
 .debug_macro   0x000139a0       0xf8 ./Application/User/Core/freertos.o
 .debug_macro   0x00013a98       0xa5 ./Application/User/Core/freertos.o
 .debug_macro   0x00013b3d      0x15f ./Application/User/Core/freertos.o
 .debug_macro   0x00013c9c      0x287 ./Application/User/Core/freertos.o
 .debug_macro   0x00013f23       0x5f ./Application/User/Core/freertos.o
 .debug_macro   0x00013f82      0x236 ./Application/User/Core/freertos.o
 .debug_macro   0x000141b8      0x132 ./Application/User/Core/freertos.o
 .debug_macro   0x000142ea      0x264 ./Application/User/Core/freertos.o
 .debug_macro   0x0001454e       0x2e ./Application/User/Core/freertos.o
 .debug_macro   0x0001457c      0x127 ./Application/User/Core/freertos.o
 .debug_macro   0x000146a3       0x85 ./Application/User/Core/freertos.o
 .debug_macro   0x00014728       0x89 ./Application/User/Core/freertos.o
 .debug_macro   0x000147b1      0x8ed ./Application/User/Core/freertos.o
 .debug_macro   0x0001509e       0x47 ./Application/User/Core/freertos.o
 .debug_macro   0x000150e5      0x2aa ./Application/User/Core/freertos.o
 .debug_macro   0x0001538f      0x126 ./Application/User/Core/freertos.o
 .debug_macro   0x000154b5       0x58 ./Application/User/Core/freertos.o
 .debug_macro   0x0001550d      0x340 ./Application/User/Core/main.o
 .debug_macro   0x0001584d       0x5c ./Application/User/Core/main.o
 .debug_macro   0x000158a9       0xf1 ./Application/User/Core/main.o
 .debug_macro   0x0001599a       0x91 ./Application/User/Core/main.o
 .debug_macro   0x00015a2b       0x8d ./Application/User/Core/main.o
 .debug_macro   0x00015ab8       0x7e ./Application/User/Core/main.o
 .debug_macro   0x00015b36       0x19 ./Application/User/Core/main.o
 .debug_macro   0x00015b4f       0xf2 ./Application/User/Core/main.o
 .debug_macro   0x00015c41      0x1dd ./Application/User/Core/stm32f4xx_hal_msp.o
 .debug_macro   0x00015e1e      0x1ce ./Application/User/Core/stm32f4xx_hal_timebase_tim.o
 .debug_macro   0x00015fec      0x1e7 ./Application/User/Core/stm32f4xx_it.o
 .debug_macro   0x000161d3      0x1ce ./Drivers/CMSIS/system_stm32f4xx.o
 .debug_macro   0x000163a1      0x22e ./Drivers/STM32F4xx_HAL_Driver/stm32f4xx_hal.o
 .debug_macro   0x000165cf      0x1ce ./Drivers/STM32F4xx_HAL_Driver/stm32f4xx_hal_cortex.o
 .debug_macro   0x0001679d      0x1d4 ./Drivers/STM32F4xx_HAL_Driver/stm32f4xx_hal_gpio.o
 .debug_macro   0x00016971      0x1f2 ./Drivers/STM32F4xx_HAL_Driver/stm32f4xx_hal_rcc.o
 .debug_macro   0x00016b63      0x1cf ./Drivers/STM32F4xx_HAL_Driver/stm32f4xx_hal_tim.o
 .debug_macro   0x00016d32      0x1ce ./Drivers/STM32F4xx_HAL_Driver/stm32f4xx_hal_tim_ex.o
 .debug_macro   0x00016f00      0x1cf ./Drivers/STM32F4xx_HAL_Driver/stm32f4xx_hal_uart.o
 .debug_macro   0x000170cf      0x210 ./Middlewares/FreeRTOS/cmsis_os.o
 .debug_macro   0x000172df       0x10 ./Middlewares/FreeRTOS/cmsis_os.o
 .debug_macro   0x000172ef       0x20 ./Middlewares/FreeRTOS/cmsis_os.o
 .debug_macro   0x0001730f       0x16 ./Middlewares/FreeRTOS/cmsis_os.o
 .debug_macro   0x00017325       0xe9 ./Middlewares/FreeRTOS/cmsis_os.o
 .debug_macro   0x0001740e      0x1c0 ./Middlewares/FreeRTOS/heap_4.o
 .debug_macro   0x000175ce      0x199 ./Middlewares/FreeRTOS/list.o
 .debug_macro   0x00017767      0x246 ./Middlewares/FreeRTOS/port.o
 .debug_macro   0x000179ad      0x28b ./Middlewares/FreeRTOS/tasks.o
 .debug_macro   0x00017c38       0x10 ./Middlewares/FreeRTOS/tasks.o

.debug_line     0x00000000    0x12646
 .debug_line    0x00000000      0x9d8 ./Application/User/Core/freertos.o
 .debug_line    0x000009d8      0xc44 ./Application/User/Core/main.o
 .debug_line    0x0000161c      0x7e6 ./Application/User/Core/stm32f4xx_hal_msp.o
 .debug_line    0x00001e02      0x804 ./Application/User/Core/stm32f4xx_hal_timebase_tim.o
 .debug_line    0x00002606      0x821 ./Application/User/Core/stm32f4xx_it.o
 .debug_line    0x00002e27       0x7a ./Application/User/Startup/startup_stm32f401retx.o
 .debug_line    0x00002ea1      0x80e ./Drivers/CMSIS/system_stm32f4xx.o
 .debug_line    0x000036af      0xa8a ./Drivers/STM32F4xx_HAL_Driver/stm32f4xx_hal.o
 .debug_line    0x00004139      0xd5a ./Drivers/STM32F4xx_HAL_Driver/stm32f4xx_hal_cortex.o
 .debug_line    0x00004e93      0xba6 ./Drivers/STM32F4xx_HAL_Driver/stm32f4xx_hal_gpio.o
 .debug_line    0x00005a39      0xe99 ./Drivers/STM32F4xx_HAL_Driver/stm32f4xx_hal_rcc.o
 .debug_line    0x000068d2     0x35c9 ./Drivers/STM32F4xx_HAL_Driver/stm32f4xx_hal_tim.o
 .debug_line    0x00009e9b     0x1985 ./Drivers/STM32F4xx_HAL_Driver/stm32f4xx_hal_tim_ex.o
 .debug_line    0x0000b820     0x25d2 ./Drivers/STM32F4xx_HAL_Driver/stm32f4xx_hal_uart.o
 .debug_line    0x0000ddf2     0x135b ./Middlewares/FreeRTOS/cmsis_os.o
 .debug_line    0x0000f14d      0x9fb ./Middlewares/FreeRTOS/heap_4.o
 .debug_line    0x0000fb48      0x7e4 ./Middlewares/FreeRTOS/list.o
 .debug_line    0x0001032c      0x9d9 ./Middlewares/FreeRTOS/port.o
 .debug_line    0x00010d05     0x1941 ./Middlewares/FreeRTOS/tasks.o

.debug_str      0x00000000    0x96044
 .debug_str     0x00000000    0x96044 ./Application/User/Core/freertos.o
                              0x8d9e9 (size before relaxing)
 .debug_str     0x00096044        0x0 ./Application/User/Core/main.o
                              0x9094f (size before relaxing)
 .debug_str     0x00096044        0x0 ./Application/User/Core/stm32f4xx_hal_msp.o
                              0x87000 (size before relaxing)
 .debug_str     0x00096044        0x0 ./Application/User/Core/stm32f4xx_hal_timebase_tim.o
                              0x87045 (size before relaxing)
 .debug_str     0x00096044        0x0 ./Application/User/Core/stm32f4xx_it.o
                              0x86bda (size before relaxing)
 .debug_str     0x00096044        0x0 ./Application/User/Startup/startup_stm32f401retx.o
                                 0xa5 (size before relaxing)
 .debug_str     0x00096044        0x0 ./Drivers/CMSIS/system_stm32f4xx.o
                              0x866c0 (size before relaxing)
 .debug_str     0x00096044        0x0 ./Drivers/STM32F4xx_HAL_Driver/stm32f4xx_hal.o
                              0x870e2 (size before relaxing)
 .debug_str     0x00096044        0x0 ./Drivers/STM32F4xx_HAL_Driver/stm32f4xx_hal_cortex.o
                              0x86e4c (size before relaxing)
 .debug_str     0x00096044        0x0 ./Drivers/STM32F4xx_HAL_Driver/stm32f4xx_hal_gpio.o
                              0x8683b (size before relaxing)
 .debug_str     0x00096044        0x0 ./Drivers/STM32F4xx_HAL_Driver/stm32f4xx_hal_rcc.o
                              0x86af4 (size before relaxing)
 .debug_str     0x00096044        0x0 ./Drivers/STM32F4xx_HAL_Driver/stm32f4xx_hal_tim.o
                              0x87a38 (size before relaxing)
 .debug_str     0x00096044        0x0 ./Drivers/STM32F4xx_HAL_Driver/stm32f4xx_hal_tim_ex.o
                              0x87244 (size before relaxing)
 .debug_str     0x00096044        0x0 ./Drivers/STM32F4xx_HAL_Driver/stm32f4xx_hal_uart.o
                              0x870c3 (size before relaxing)
 .debug_str     0x00096044        0x0 ./Middlewares/FreeRTOS/cmsis_os.o
                               0xeee8 (size before relaxing)
 .debug_str     0x00096044        0x0 ./Middlewares/FreeRTOS/heap_4.o
                               0xb5e1 (size before relaxing)
 .debug_str     0x00096044        0x0 ./Middlewares/FreeRTOS/list.o
                               0xac9f (size before relaxing)
 .debug_str     0x00096044        0x0 ./Middlewares/FreeRTOS/port.o
                               0xb9d9 (size before relaxing)
 .debug_str     0x00096044        0x0 ./Middlewares/FreeRTOS/tasks.o
                               0xd359 (size before relaxing)

.comment        0x00000000       0x43
 .comment       0x00000000       0x43 ./Application/User/Core/freertos.o
                                 0x44 (size before relaxing)
 .comment       0x00000043        0x0 ./Application/User/Core/main.o
                                 0x44 (size before relaxing)
 .comment       0x00000043        0x0 ./Application/User/Core/stm32f4xx_hal_msp.o
                                 0x44 (size before relaxing)
 .comment       0x00000043        0x0 ./Application/User/Core/stm32f4xx_hal_timebase_tim.o
                                 0x44 (size before relaxing)
 .comment       0x00000043        0x0 ./Application/User/Core/stm32f4xx_it.o
                                 0x44 (size before relaxing)
 .comment       0x00000043        0x0 ./Drivers/CMSIS/system_stm32f4xx.o
                                 0x44 (size before relaxing)
 .comment       0x00000043        0x0 ./Drivers/STM32F4xx_HAL_Driver/stm32f4xx_hal.o
                                 0x44 (size before relaxing)
 .comment       0x00000043        0x0 ./Drivers/STM32F4xx_HAL_Driver/stm32f4xx_hal_cortex.o
                                 0x44 (size before relaxing)
 .comment       0x00000043        0x0 ./Drivers/STM32F4xx_HAL_Driver/stm32f4xx_hal_gpio.o
                                 0x44 (size before relaxing)
 .comment       0x00000043        0x0 ./Drivers/STM32F4xx_HAL_Driver/stm32f4xx_hal_rcc.o
                                 0x44 (size before relaxing)
 .comment       0x00000043        0x0 ./Drivers/STM32F4xx_HAL_Driver/stm32f4xx_hal_tim.o
                                 0x44 (size before relaxing)
 .comment       0x00000043        0x0 ./Drivers/STM32F4xx_HAL_Driver/stm32f4xx_hal_tim_ex.o
                                 0x44 (size before relaxing)
 .comment       0x00000043        0x0 ./Drivers/STM32F4xx_HAL_Driver/stm32f4xx_hal_uart.o
                                 0x44 (size before relaxing)
 .comment       0x00000043        0x0 ./Middlewares/FreeRTOS/cmsis_os.o
                                 0x44 (size before relaxing)
 .comment       0x00000043        0x0 ./Middlewares/FreeRTOS/heap_4.o
                                 0x44 (size before relaxing)
 .comment       0x00000043        0x0 ./Middlewares/FreeRTOS/list.o
                                 0x44 (size before relaxing)
 .comment       0x00000043        0x0 ./Middlewares/FreeRTOS/port.o
                                 0x44 (size before relaxing)
 .comment       0x00000043        0x0 ./Middlewares/FreeRTOS/tasks.o
                                 0x44 (size before relaxing)

.debug_frame    0x00000000     0x47b4
 .debug_frame   0x00000000       0x38 ./Application/User/Core/freertos.o
 .debug_frame   0x00000038      0x1ac ./Application/User/Core/main.o
 .debug_frame   0x000001e4       0x7c ./Application/User/Core/stm32f4xx_hal_msp.o
 .debug_frame   0x00000260       0x74 ./Application/User/Core/stm32f4xx_hal_timebase_tim.o
 .debug_frame   0x000002d4       0xc4 ./Application/User/Core/stm32f4xx_it.o
 .debug_frame   0x00000398       0x58 ./Drivers/CMSIS/system_stm32f4xx.o
 .debug_frame   0x000003f0      0x374 ./Drivers/STM32F4xx_HAL_Driver/stm32f4xx_hal.o
 .debug_frame   0x00000764      0x508 ./Drivers/STM32F4xx_HAL_Driver/stm32f4xx_hal_cortex.o
 .debug_frame   0x00000c6c      0x14c ./Drivers/STM32F4xx_HAL_Driver/stm32f4xx_hal_gpio.o
 .debug_frame   0x00000db8      0x1f4 ./Drivers/STM32F4xx_HAL_Driver/stm32f4xx_hal_rcc.o
 .debug_frame   0x00000fac     0x11b8 ./Drivers/STM32F4xx_HAL_Driver/stm32f4xx_hal_tim.o
 .debug_frame   0x00002164      0x638 ./Drivers/STM32F4xx_HAL_Driver/stm32f4xx_hal_tim_ex.o
 .debug_frame   0x0000279c      0x954 ./Drivers/STM32F4xx_HAL_Driver/stm32f4xx_hal_uart.o
 .debug_frame   0x000030f0      0x80c ./Middlewares/FreeRTOS/cmsis_os.o
 .debug_frame   0x000038fc      0x12c ./Middlewares/FreeRTOS/heap_4.o
 .debug_frame   0x00003a28       0xd8 ./Middlewares/FreeRTOS/list.o
 .debug_frame   0x00003b00      0x1a8 ./Middlewares/FreeRTOS/port.o
 .debug_frame   0x00003ca8      0x77c ./Middlewares/FreeRTOS/tasks.o
 .debug_frame   0x00004424      0x144 C:/ST/STM32CubeIDE_2.0.0/STM32CubeIDE/plugins/com.st.stm32cube.ide.mcu.externaltools.gnu-tools-for-stm32.13.3.rel1.win32_1.0.100.202509120712/tools/bin/../lib/gcc/arm-none-eabi/13.3.1/../../../../arm-none-eabi/lib/thumb/v7e-m+fp/hard\libc_nano.a(libc_a-findfp.o)
 .debug_frame   0x00004568       0x20 C:/ST/STM32CubeIDE_2.0.0/STM32CubeIDE/plugins/com.st.stm32cube.ide.mcu.externaltools.gnu-tools-for-stm32.13.3.rel1.win32_1.0.100.202509120712/tools/bin/../lib/gcc/arm-none-eabi/13.3.1/../../../../arm-none-eabi/lib/thumb/v7e-m+fp/hard\libc_nano.a(libc_a-memset.o)
 .debug_frame   0x00004588       0x38 C:/ST/STM32CubeIDE_2.0.0/STM32CubeIDE/plugins/com.st.stm32cube.ide.mcu.externaltools.gnu-tools-for-stm32.13.3.rel1.win32_1.0.100.202509120712/tools/bin/../lib/gcc/arm-none-eabi/13.3.1/../../../../arm-none-eabi/lib/thumb/v7e-m+fp/hard\libc_nano.a(libc_a-reent.o)
 .debug_frame   0x000045c0       0x2c C:/ST/STM32CubeIDE_2.0.0/STM32CubeIDE/plugins/com.st.stm32cube.ide.mcu.externaltools.gnu-tools-for-stm32.13.3.rel1.win32_1.0.100.202509120712/tools/bin/../lib/gcc/arm-none-eabi/13.3.1/../../../../arm-none-eabi/lib/thumb/v7e-m+fp/hard\libc_nano.a(libc_a-init.o)
 .debug_frame   0x000045ec       0xb0 C:/ST/STM32CubeIDE_2.0.0/STM32CubeIDE/plugins/com.st.stm32cube.ide.mcu.externaltools.gnu-tools-for-stm32.13.3.rel1.win32_1.0.100.202509120712/tools/bin/../lib/gcc/arm-none-eabi/13.3.1/../../../../arm-none-eabi/lib/thumb/v7e-m+fp/hard\libc_nano.a(libc_a-lock.o)
 .debug_frame   0x0000469c       0x38 C:/ST/STM32CubeIDE_2.0.0/STM32CubeIDE/plugins/com.st.stm32cube.ide.mcu.externaltools.gnu-tools-for-stm32.13.3.rel1.win32_1.0.100.202509120712/tools/bin/../lib/gcc/arm-none-eabi/13.3.1/../../../../arm-none-eabi/lib/thumb/v7e-m+fp/hard\libc_nano.a(libc_a-freer.o)
 .debug_frame   0x000046d4       0x50 C:/ST/STM32CubeIDE_2.0.0/STM32CubeIDE/plugins/com.st.stm32cube.ide.mcu.externaltools.gnu-tools-for-stm32.13.3.rel1.win32_1.0.100.202509120712/tools/bin/../lib/gcc/arm-none-eabi/13.3.1/../../../../arm-none-eabi/lib/thumb/v7e-m+fp/hard\libc_nano.a(libc_a-mallocr.o)
 .debug_frame   0x00004724       0x30 C:/ST/STM32CubeIDE_2.0.0/STM32CubeIDE/plugins/com.st.stm32cube.ide.mcu.externaltools.gnu-tools-for-stm32.13.3.rel1.win32_1.0.100.202509120712/tools/bin/../lib/gcc/arm-none-eabi/13.3.1/../../../../arm-none-eabi/lib/thumb/v7e-m+fp/hard\libc_nano.a(libc_a-mlock.o)
 .debug_frame   0x00004754       0x2c C:/ST/STM32CubeIDE_2.0.0/STM32CubeIDE/plugins/com.st.stm32cube.ide.mcu.externaltools.gnu-tools-for-stm32.13.3.rel1.win32_1.0.100.202509120712/tools/bin/../lib/gcc/arm-none-eabi/13.3.1/thumb/v7e-m+fp/hard\libgcc.a(_aeabi_uldivmod.o)
 .debug_frame   0x00004780       0x34 C:/ST/STM32CubeIDE_2.0.0/STM32CubeIDE/plugins/com.st.stm32cube.ide.mcu.externaltools.gnu-tools-for-stm32.13.3.rel1.win32_1.0.100.202509120712/tools/bin/../lib/gcc/arm-none-eabi/13.3.1/thumb/v7e-m+fp/hard\libgcc.a(_udivmoddi4.o)

.debug_line_str
                0x00000000       0x89
 .debug_line_str
                0x00000000       0x89 ./Application/User/Startup/startup_stm32f401retx.o
