C:/Users/Hu/Desktop/projects/battery-monitor/adcpolling/Core/Src/main.c:69:5:main	2
C:/Users/Hu/Desktop/projects/battery-monitor/adcpolling/Core/Src/main.c:128:6:SystemClock_Config	3
C:/Users/Hu/Desktop/projects/battery-monitor/adcpolling/Core/Src/main.c:175:13:MX_ADC1_Init	3
C:/Users/Hu/Desktop/projects/battery-monitor/adcpolling/Core/Src/main.c:227:13:MX_USART2_UART_Init	2
C:/Users/Hu/Desktop/projects/battery-monitor/adcpolling/Core/Src/main.c:260:13:MX_GPIO_Init	1
C:/Users/Hu/Desktop/projects/battery-monitor/adcpolling/Core/Src/main.c:302:6:Error_Handler	1
